ARM Linker, 5.02 [Build 28] [MDK-ARM Standard]

==============================================================================

Section Cross References

    system_stm32f10x.o(.text) refers to system_stm32f10x.o(.data) for .data
    stm32f10x_gpio.o(.text) refers to stm32f10x_rcc.o(.text) for RCC_APB2PeriphResetCmd
    stm32f10x_rcc.o(.text) refers to stm32f10x_rcc.o(.data) for .data
    stm32f10x_spi.o(.text) refers to stm32f10x_rcc.o(.text) for RCC_APB2PeriphResetCmd
    stm32f10x_usart.o(.text) refers to stm32f10x_rcc.o(.text) for RCC_APB2PeriphResetCmd
    stm32f10x_tim.o(.text) refers to stm32f10x_rcc.o(.text) for RCC_APB1PeriphResetCmd
    startup_stm32f10x_md.o(STACK) refers (Special) to heapauxi.o(.text) for __use_two_region_memory
    startup_stm32f10x_md.o(HEAP) refers (Special) to heapauxi.o(.text) for __use_two_region_memory
    startup_stm32f10x_md.o(RESET) refers (Special) to heapauxi.o(.text) for __use_two_region_memory
    startup_stm32f10x_md.o(RESET) refers to startup_stm32f10x_md.o(STACK) for __initial_sp
    startup_stm32f10x_md.o(RESET) refers to startup_stm32f10x_md.o(.text) for Reset_Handler
    startup_stm32f10x_md.o(RESET) refers to stm32f10x_it.o(.text) for NMI_Handler
    startup_stm32f10x_md.o(RESET) refers to usart.o(.text) for USART1_IRQHandler
    startup_stm32f10x_md.o(.text) refers (Special) to heapauxi.o(.text) for __use_two_region_memory
    startup_stm32f10x_md.o(.text) refers to system_stm32f10x.o(.text) for SystemInit
    startup_stm32f10x_md.o(.text) refers to __main.o(!!!main) for __main
    startup_stm32f10x_md.o(.text) refers to startup_stm32f10x_md.o(HEAP) for Heap_Mem
    startup_stm32f10x_md.o(.text) refers to startup_stm32f10x_md.o(STACK) for Stack_Mem
    delay.o(.text) refers to delay.o(.data) for .data
    io.o(.text) refers to stm32f10x_rcc.o(.text) for RCC_APB2PeriphClockCmd
    io.o(.text) refers to stm32f10x_gpio.o(.text) for GPIO_Init
    usart.o(.text) refers to stm32f10x_rcc.o(.text) for RCC_APB2PeriphClockCmd
    usart.o(.text) refers to stm32f10x_gpio.o(.text) for GPIO_Init
    usart.o(.text) refers to misc.o(.text) for NVIC_Init
    usart.o(.text) refers to stm32f10x_usart.o(.text) for USART_Init
    usart.o(.text) refers to stm32f10x_tim.o(.text) for TIM_ClearFlag
    usart.o(.text) refers to c89vsnprintf.o(.text) for __c89vsnprintf
    usart.o(.text) refers to strlen.o(.text) for strlen
    stm32f10x_it.o(.text) refers to stm32f10x_tim.o(.text) for TIM_ClearITPendingBit
    stm32f10x_it.o(.text) refers to stm32f10x_dma.o(.text) for DMA_ClearITPendingBit
    main.o(.text) refers to stm32f10x_rcc.o(.text) for RCC_APB2PeriphClockCmd
    main.o(.text) refers to stm32f10x_gpio.o(.text) for GPIO_PinRemapConfig
    main.o(.text) refers to io.o(.text) for pinMode
    main.o(.text) refers to usart.o(.text) for USART1_Init
    main.o(.text) refers to delay.o(.text) for delay_us
    main.o(.text) refers to io.o(.constdata) for PORT_A0
    main.o(.text) refers to io.o(.constdata) for PORT_A1
    main.o(.text) refers to io.o(.constdata) for PORT_A2
    main.o(.text) refers to io.o(.constdata) for PORT_A3
    main.o(.text) refers to io.o(.constdata) for PORT_A4
    main.o(.text) refers to io.o(.constdata) for PORT_A5
    main.o(.text) refers to io.o(.constdata) for PORT_A6
    main.o(.text) refers to io.o(.constdata) for PORT_A7
    main.o(.text) refers to io.o(.constdata) for PORT_B0
    main.o(.text) refers to io.o(.constdata) for PORT_B1
    main.o(.text) refers to io.o(.constdata) for PORT_B10
    main.o(.text) refers to io.o(.constdata) for PORT_B11
    main.o(.text) refers to io.o(.constdata) for PORT_B9
    main.o(.text) refers to io.o(.constdata) for PORT_B8
    main.o(.text) refers to io.o(.constdata) for PORT_B7
    main.o(.text) refers to io.o(.constdata) for PORT_B6
    main.o(.text) refers to io.o(.constdata) for PORT_B5
    main.o(.text) refers to io.o(.constdata) for PORT_B4
    main.o(.ARM.exidx) refers to main.o(.text) for .text
    c89vsnprintf.o(.text) refers (Special) to _printf_a.o(.ARM.Collect$$_printf_percent$$00000006) for _printf_a
    c89vsnprintf.o(.text) refers (Special) to _printf_c.o(.ARM.Collect$$_printf_percent$$00000013) for _printf_c
    c89vsnprintf.o(.text) refers (Special) to _printf_charcount.o(.text) for _printf_charcount
    c89vsnprintf.o(.text) refers (Special) to _printf_d.o(.ARM.Collect$$_printf_percent$$00000009) for _printf_d
    c89vsnprintf.o(.text) refers (Special) to _printf_e.o(.ARM.Collect$$_printf_percent$$00000004) for _printf_e
    c89vsnprintf.o(.text) refers (Special) to _printf_f.o(.ARM.Collect$$_printf_percent$$00000003) for _printf_f
    c89vsnprintf.o(.text) refers (Special) to printf1.o(x$fpl$printf1) for _printf_fp_dec
    c89vsnprintf.o(.text) refers (Special) to _printf_g.o(.ARM.Collect$$_printf_percent$$00000005) for _printf_g
    c89vsnprintf.o(.text) refers (Special) to _printf_i.o(.ARM.Collect$$_printf_percent$$00000008) for _printf_i
[...]
    Drivers\src\stm32f10x_usart.c            0x00000000   Number         0  stm32f10x_usart.o ABSOLUTE
    HAL\delay.c                              0x00000000   Number         0  delay.o ABSOLUTE
    HAL\io.c                                 0x00000000   Number         0  io.o ABSOLUTE
    HAL\usart.c                              0x00000000   Number         0  usart.o ABSOLUTE
    StartUp\startup_stm32f10x_md.s           0x00000000   Number         0  startup_stm32f10x_md.o ABSOLUTE
    Users\main.cpp                           0x00000000   Number         0  main.o ABSOLUTE
    Users\stm32f10x_it.c                     0x00000000   Number         0  stm32f10x_it.o ABSOLUTE
    dc.s                                     0x00000000   Number         0  dc.o ABSOLUTE
    RESET                                    0x08000000   Section      236  startup_stm32f10x_md.o(RESET)
    !!!main                                  0x080000ec   Section        8  __main.o(!!!main)
    !!!scatter                               0x080000f4   Section       52  __scatter.o(!!!scatter)
    !!handler_copy                           0x08000128   Section       26  __scatter_copy.o(!!handler_copy)
    !!handler_zi                             0x08000144   Section       28  __scatter_zi.o(!!handler_zi)
    .ARM.Collect$$_printf_percent$$00000000  0x08000160   Section        0  _printf_percent.o(.ARM.Collect$$_printf_percent$$00000000)
    .ARM.Collect$$_printf_percent$$00000001  0x08000160   Section        6  _printf_n.o(.ARM.Collect$$_printf_percent$$00000001)
    .ARM.Collect$$_printf_percent$$00000002  0x08000166   Section        6  _printf_p.o(.ARM.Collect$$_printf_percent$$00000002)
    .ARM.Collect$$_printf_percent$$00000003  0x0800016c   Section        6  _printf_f.o(.ARM.Collect$$_printf_percent$$00000003)
    .ARM.Collect$$_printf_percent$$00000004  0x08000172   Section        6  _printf_e.o(.ARM.Collect$$_printf_percent$$00000004)
    .ARM.Collect$$_printf_percent$$00000005  0x08000178   Section        6  _printf_g.o(.ARM.Collect$$_printf_percent$$00000005)
    .ARM.Collect$$_printf_percent$$00000006  0x0800017e   Section        6  _printf_a.o(.ARM.Collect$$_printf_percent$$00000006)
    .ARM.Collect$$_printf_percent$$00000007  0x08000184   Section       10  _printf_ll.o(.ARM.Collect$$_printf_percent$$00000007)
    .ARM.Collect$$_printf_percent$$00000008  0x0800018e   Section        6  _printf_i.o(.ARM.Collect$$_printf_percent$$00000008)
    .ARM.Collect$$_printf_percent$$00000009  0x08000194   Section        6  _printf_d.o(.ARM.Collect$$_printf_percent$$00000009)
    .ARM.Collect$$_printf_percent$$0000000A  0x0800019a   Section        6  _printf_u.o(.ARM.Collect$$_printf_percent$$0000000A)
    .ARM.Collect$$_printf_percent$$0000000B  0x080001a0   Section        6  _printf_o.o(.ARM.Collect$$_printf_percent$$0000000B)
    .ARM.Collect$$_printf_percent$$0000000C  0x080001a6   Section        6  _printf_x.o(.ARM.Collect$$_printf_percent$$0000000C)
    .ARM.Collect$$_printf_percent$$0000000D  0x080001ac   Section        6  _printf_lli.o(.ARM.Collect$$_printf_percent$$0000000D)
    .ARM.Collect$$_printf_percent$$0000000E  0x080001b2   Section        6  _printf_lld.o(.ARM.Collect$$_printf_percent$$0000000E)
    .ARM.Collect$$_printf_percent$$0000000F  0x080001b8   Section        6  _printf_llu.o(.ARM.Collect$$_printf_percent$$0000000F)
    .ARM.Collect$$_printf_percent$$00000010  0x080001be   Section        6  _printf_llo.o(.ARM.Collect$$_printf_percent$$00000010)
    .ARM.Collect$$_printf_percent$$00000011  0x080001c4   Section        6  _printf_llx.o(.ARM.Collect$$_printf_percent$$00000011)
    .ARM.Collect$$_printf_percent$$00000012  0x080001ca   Section       10  _printf_l.o(.ARM.Collect$$_printf_percent$$00000012)
    .ARM.Collect$$_printf_percent$$00000013  0x080001d4   Section        6  _printf_c.o(.ARM.Collect$$_printf_percent$$00000013)
    .ARM.Collect$$_printf_percent$$00000014  0x080001da   Section        6  _printf_s.o(.ARM.Collect$$_printf_percent$$00000014)
    .ARM.Collect$$_printf_percent$$00000015  0x080001e0   Section        6  _printf_lc.o(.ARM.Collect$$_printf_percent$$00000015)
    .ARM.Collect$$_printf_percent$$00000016  0x080001e6   Section        6  _printf_ls.o(.ARM.Collect$$_printf_percent$$00000016)
    .ARM.Collect$$_printf_percent$$00000017  0x080001ec   Section        4  _printf_percent_end.o(.ARM.Collect$$_printf_percent$$00000017)
    .ARM.Collect$$libinit$$00000000          0x080001f0   Section        2  libinit.o(.ARM.Collect$$libinit$$00000000)
    .ARM.Collect$$libinit$$00000002          0x080001f2   Section        0  libinit2.o(.ARM.Collect$$libinit$$00000002)
    .ARM.Collect$$libinit$$00000008          0x080001f2   Section        0  libinit2.o(.ARM.Collect$$libinit$$00000008)
    .ARM.Collect$$libinit$$0000000A          0x080001f2   Section        0  libinit2.o(.ARM.Collect$$libinit$$0000000A)
    .ARM.Collect$$libinit$$0000000C          0x080001f2   Section        0  libinit2.o(.ARM.Collect$$libinit$$0000000C)
    .ARM.Collect$$libinit$$0000000D          0x080001f2   Section        6  libinit2.o(.ARM.Collect$$libinit$$0000000D)
    .ARM.Collect$$libinit$$0000000F          0x080001f8   Section        0  libinit2.o(.ARM.Collect$$libinit$$0000000F)
    .ARM.Collect$$libinit$$00000010          0x080001f8   Section       12  libinit2.o(.ARM.Collect$$libinit$$00000010)
    .ARM.Collect$$libinit$$00000011          0x08000204   Section        0  libinit2.o(.ARM.Collect$$libinit$$00000011)
    .ARM.Collect$$libinit$$00000013          0x08000204   Section        0  libinit2.o(.ARM.Collect$$libinit$$00000013)
    .ARM.Collect$$libinit$$00000014          0x08000204   Section       10  libinit2.o(.ARM.Collect$$libinit$$00000014)
    .ARM.Collect$$libinit$$00000015          0x0800020e   Section        0  libinit2.o(.ARM.Collect$$libinit$$00000015)
    .ARM.Collect$$libinit$$00000017          0x0800020e   Section        0  libinit2.o(.ARM.Collect$$libinit$$00000017)
    .ARM.Collect$$libinit$$00000019          0x0800020e   Section        0  libinit2.o(.ARM.Collect$$libinit$$00000019)
    .ARM.Collect$$libinit$$0000001B          0x0800020e   Section        0  libinit2.o(.ARM.Collect$$libinit$$0000001B)
    .ARM.Collect$$libinit$$0000001D          0x0800020e   Section        0  libinit2.o(.ARM.Collect$$libinit$$0000001D)
    .ARM.Collect$$libinit$$0000001F          0x0800020e   Section        0  libinit2.o(.ARM.Collect$$libinit$$0000001F)
    .ARM.Collect$$libinit$$00000021          0x0800020e   Section        0  libinit2.o(.ARM.Collect$$libinit$$00000021)
    .ARM.Collect$$libinit$$00000023          0x0800020e   Section        0  libinit2.o(.ARM.Collect$$libinit$$00000023)
    .ARM.Collect$$libinit$$0000002A          0x0800020e   Section        0  libinit2.o(.ARM.Collect$$libinit$$0000002A)
    .ARM.Collect$$libinit$$0000002C          0x0800020e   Section        0  libinit2.o(.ARM.Collect$$libinit$$0000002C)
    .ARM.Collect$$libinit$$0000002E          0x0800020e   Section        0  libinit2.o(.ARM.Collect$$libinit$$0000002E)
    .ARM.Collect$$libinit$$00000030          0x0800020e   Section        0  libinit2.o(.ARM.Collect$$libinit$$00000030)
    .ARM.Collect$$libinit$$00000031          0x0800020e   Section        2  libinit2.o(.ARM.Collect$$libinit$$00000031)
    .ARM.Collect$$libshutdown$$00000000      0x08000210   Section        2  libshutdown.o(.ARM.Collect$$libshutdown$$00000000)
    .ARM.Collect$$libshutdown$$00000003      0x08000212   Section        0  libshutdown2.o(.ARM.Collect$$libshutdown$$00000003)
    .ARM.Collect$$libshutdown$$00000006      0x08000212   Section        0  libshutdown2.o(.ARM.Collect$$libshutdown$$00000006)
    .ARM.Collect$$libshutdown$$00000009      0x08000212   Section        0  libshutdown2.o(.ARM.Collect$$libshutdown$$00000009)
    .ARM.Collect$$libshutdown$$0000000B      0x08000212   Section        0  libshutdown2.o(.ARM.Collect$$libshutdown$$0000000B)
    .ARM.Collect$$libshutdown$$0000000E      0x08000212   Section        0  libshutdown2.o(.ARM.Collect$$libshutdown$$0000000E)
    .ARM.Collect$$libshutdown$$0000000F      0x08000212   Section        2  libshutdown2.o(.ARM.Collect$$libshutdown$$0000000F)
    .ARM.Collect$$rtentry$$00000000          0x08000214   Section        0  rtentry.o(.ARM.Collect$$rtentry$$00000000)
    .ARM.Collect$$rtentry$$00000002          0x08000214   Section        0  rtentry2.o(.ARM.Collect$$rtentry$$00000002)
    .ARM.Collect$$rtentry$$00000004          0x08000214   Section        6  rtentry4.o(.ARM.Collect$$rtentry$$00000004)
    .ARM.Collect$$rtentry$$00000009          0x0800021a   Section        0  rtentry2.o(.ARM.Collect$$rtentry$$00000009)
    .ARM.Collect$$rtentry$$0000000A          0x0800021a   Section        4  rtentry2.o(.ARM.Collect$$rtentry$$0000000A)
    .ARM.Collect$$rtentry$$0000000C          0x0800021e   Section        0  rtentry2.o(.ARM.Collect$$rtentry$$0000000C)
    .ARM.Collect$$rtentry$$0000000D          0x0800021e   Section        8  rtentry2.o(.ARM.Collect$$rtentry$$0000000D)
    .ARM.Collect$$rtexit$$00000000           0x08000226   Section        2  rtexit.o(.ARM.Collect$$rtexit$$00000000)
    .ARM.Collect$$rtexit$$00000002           0x08000228   Section        0  rtexit2.o(.ARM.Collect$$rtexit$$00000002)
    .ARM.Collect$$rtexit$$00000003           0x08000228   Section        4  rtexit2.o(.ARM.Collect$$rtexit$$00000003)
    .ARM.Collect$$rtexit$$00000004           0x0800022c   Section        6  rtexit2.o(.ARM.Collect$$rtexit$$00000004)
    .text                                    0x08000234   Section        0  system_stm32f10x.o(.text)
    SetSysClockTo72                          0x080002cb   Thumb Code   138  system_stm32f10x.o(.text)
    .text                                    0x08000374   Section        0  misc.o(.text)
    .text                                    0x08000424   Section        0  stm32f10x_gpio.o(.text)
    .text                                    0x08000690   Section        0  stm32f10x_rcc.o(.text)
    .text                                    0x08000948   Section        0  stm32f10x_usart.o(.text)
    .text                                    0x08000c78   Section        0  stm32f10x_tim.o(.text)
    TI2_Config                               0x0800100b   Thumb Code   166  stm32f10x_tim.o(.text)
    TI1_Config                               0x080010c1   Thumb Code    88  stm32f10x_tim.o(.text)
    .text                                    0x08001768   Section        0  stm32f10x_dma.o(.text)
    .text                                    0x08001930   Section       64  startup_stm32f10x_md.o(.text)
    .text                                    0x08001970   Section        0  delay.o(.text)
    .text                                    0x080019e4   Section        0  io.o(.text)
    .text                                    0x08001a14   Section        0  usart.o(.text)
    .text                                    0x08001bcc   Section        0  stm32f10x_it.o(.text)
    .text                                    0x08001c10   Section        0  main.o(.text)
    .text                                    0x08002158   Section        0  c89vsnprintf.o(.text)
    .text                                    0x0800218c   Section        0  strlen.o(.text)
    .text                                    0x080021ca   Section        0  heapauxi.o(.text)
    .text                                    0x080021d0   Section        0  _printf_pad.o(.text)
    .text                                    0x08002222   Section        0  _printf_truncate.o(.text)
    .text                                    0x08002246   Section        0  _printf_str.o(.text)
    .text                                    0x08002298   Section        0  _printf_dec.o(.text)
    .text                                    0x08002310   Section        0  _printf_charcount.o(.text)
    .text                                    0x0800233c   Section        0  _printf_char_common.o(.text)
    _printf_input_char                       0x0800233d   Thumb Code    10  _printf_char_common.o(.text)
    .text                                    0x0800236c   Section        0  _sputc.o(.text)
    .text                                    0x08002376   Section        0  _snputc.o(.text)
    .text                                    0x08002388   Section        0  _printf_wctomb.o(.text)
    .text                                    0x08002444   Section        0  _printf_longlong_dec.o(.text)
    .text                                    0x080024bc   Section        0  _printf_oct_int_ll.o(.text)
    _printf_longlong_oct_internal            0x080024bd   Thumb Code     0  _printf_oct_int_ll.o(.text)
    .text                                    0x08002534   Section        0  _printf_hex_int_ll_ptr.o(.text)
    _printf_hex_common                       0x08002535   Thumb Code     0  _printf_hex_int_ll_ptr.o(.text)
    .text                                    0x080025d0   Section        0  __printf_flags_ss_wp.o(.text)
    .text                                    0x0800275c   Section      138  lludiv10.o(.text)
    .text                                    0x080027e6   Section        0  _printf_intcommon.o(.text)
    .text                                    0x0800289e   Section        0  _printf_fp_dec.o(.text)
    _fp_digits                               0x080028a1   Thumb Code   426  _printf_fp_dec.o(.text)
    .text                                    0x08002cbe   Section        0  _printf_char.o(.text)
    .text                                    0x08002cea   Section        0  _printf_wchar.o(.text)
    .text                                    0x08002d16   Section        0  _wcrtomb.o(.text)
    .text                                    0x08002d56   Section       74  sys_stackheap_outer.o(.text)
    .text                                    0x08002da0   Section       16  rt_ctype_table.o(.text)
    .text                                    0x08002db0   Section        8  rt_locale_intlibspace.o(.text)
    .text                                    0x08002db8   Section        0  _printf_fp_infnan.o(.text)
    .text                                    0x08002e38   Section        0  bigflt0.o(.text)
    .text                                    0x08002f1c   Section        0  exit.o(.text)
    .text                                    0x08002f28   Section        8  libspace.o(.text)
    .text                                    0x08002f30   Section      128  strcmpv7m.o(.text)
    .text                                    0x08002fb0   Section        0  sys_exit.o(.text)
    .text                                    0x08002fbc   Section        2  use_no_semi.o(.text)
    .text                                    0x08002fbe   Section        0  indicate_semi.o(.text)
    CL$$btod_d2e                             0x08002fbe   Section       62  btod.o(CL$$btod_d2e)
    CL$$btod_d2e_denorm_low                  0x08002ffc   Section       70  btod.o(CL$$btod_d2e_denorm_low)
    CL$$btod_d2e_norm_op1                    0x08003042   Section       96  btod.o(CL$$btod_d2e_norm_op1)
    CL$$btod_div_common                      0x080030a2   Section      824  btod.o(CL$$btod_div_common)
    CL$$btod_e2e                             0x080033da   Section      198  btod.o(CL$$btod_e2e)
    CL$$btod_ediv                            0x080034a0   Section       40  btod.o(CL$$btod_ediv)
    CL$$btod_emul                            0x080034c8   Section       40  btod.o(CL$$btod_emul)
    CL$$btod_mult_common                     0x080034f0   Section      580  btod.o(CL$$btod_mult_common)
    i.__ARM_fpclassify                       0x08003734   Section        0  fpclassify.o(i.__ARM_fpclassify)
    i._is_digit                              0x0800375c   Section        0  __printf_wp.o(i._is_digit)
    locale$$code                             0x0800376c   Section       44  lc_numeric_c.o(locale$$code)
    locale$$code                             0x08003798   Section       44  lc_ctype_c.o(locale$$code)
    x$fpl$printf1                            0x080037c4   Section        4  printf1.o(x$fpl$printf1)
    .constdata                               0x080037c8   Section       12  io.o(.constdata)
    x$fpl$usenofp                            0x080037c8   Section        0  usenofp.o(x$fpl$usenofp)
    .constdata                               0x080037d4   Section       12  io.o(.constdata)
    .constdata                               0x080037e0   Section       12  io.o(.constdata)
    .constdata                               0x080037ec   Section       12  io.o(.constdata)
    .constdata                               0x080037f8   Section       12  io.o(.constdata)
    .constdata                               0x08003804   Section       12  io.o(.constdata)
    .constdata                               0x08003810   Section       12  io.o(.constdata)
    .constdata                               0x0800381c   Section       12  io.o(.constdata)
    .constdata                               0x08003828   Section       12  io.o(.constdata)
    .constdata                               0x08003834   Section       12  io.o(.constdata)
    .constdata                               0x08003840   Section       12  io.o(.constdata)
    .constdata                               0x0800384c   Section       12  io.o(.constdata)
    .constdata                               0x08003858   Section       12  io.o(.constdata)
    .constdata                               0x08003864   Section       12  io.o(.constdata)
    .constdata                               0x08003870   Section       12  io.o(.constdata)
    .constdata                               0x0800387c   Section       12  io.o(.constdata)
    .constdata                               0x08003888   Section       12  io.o(.constdata)
    .constdata                               0x08003894   Section       12  io.o(.constdata)
    .constdata                               0x080038a0   Section        8  _printf_wctomb.o(.constdata)
    initial_mbstate                          0x080038a0   Data           8  _printf_wctomb.o(.constdata)
    .constdata                               0x080038a8   Section       40  _printf_hex_int_ll_ptr.o(.constdata)
    uc_hextab                                0x080038a8   Data          20  _printf_hex_int_ll_ptr.o(.constdata)
    lc_hextab                                0x080038bc   Data          20  _printf_hex_int_ll_ptr.o(.constdata)
    .constdata                               0x080038d0   Section       17  __printf_flags_ss_wp.o(.constdata)
    maptable                                 0x080038d0   Data          17  __printf_flags_ss_wp.o(.constdata)
    .constdata                               0x080038e4   Section      148  bigflt0.o(.constdata)
    tenpwrs_x                                0x080038e4   Data          60  bigflt0.o(.constdata)
    tenpwrs_i                                0x08003920   Data          64  bigflt0.o(.constdata)
    locale$$data                             0x08003998   Section       28  lc_numeric_c.o(locale$$data)
    __lcnum_c_name                           0x0800399c   Data           2  lc_numeric_c.o(locale$$data)
    __lcnum_c_start                          0x080039a4   Data           0  lc_numeric_c.o(locale$$data)
    __lcnum_c_point                          0x080039b0   Data           0  lc_numeric_c.o(locale$$data)
    __lcnum_c_thousands                      0x080039b2   Data           0  lc_numeric_c.o(locale$$data)
    __lcnum_c_grouping                       0x080039b3   Data           0  lc_numeric_c.o(locale$$data)
    locale$$data                             0x080039b4   Section      272  lc_ctype_c.o(locale$$data)
    __lcnum_c_end                            0x080039b4   Data           0  lc_numeric_c.o(locale$$data)
    __lcctype_c_name                         0x080039b8   Data           2  lc_ctype_c.o(locale$$data)
    __lcctype_c_start                        0x080039c0   Data           0  lc_ctype_c.o(locale$$data)
    __lcctype_c_end                          0x08003ac4   Data           0  lc_ctype_c.o(locale$$data)
    .data                                    0x20000000   Section       20  system_stm32f10x.o(.data)
    .data                                    0x20000014   Section       20  stm32f10x_rcc.o(.data)
    ADCPrescTable                            0x20000014   Data           4  stm32f10x_rcc.o(.data)
    APBAHBPrescTable                         0x20000018   Data          16  stm32f10x_rcc.o(.data)
    .data                                    0x20000028   Section        4  delay.o(.data)
    fac_us                                   0x20000028   Data           1  delay.o(.data)
    fac_ms                                   0x2000002a   Data           2  delay.o(.data)
    .bss                                     0x2000002c   Section       96  libspace.o(.bss)
    HEAP                                     0x20000090   Section     4096  startup_stm32f10x_md.o(HEAP)
    Heap_Mem                                 0x20000090   Data        4096  startup_stm32f10x_md.o(HEAP)
    STACK                                    0x20001090   Section     4096  startup_stm32f10x_md.o(STACK)
    Stack_Mem                                0x20001090   Data        4096  startup_stm32f10x_md.o(STACK)
    __initial_sp                             0x20002090   Data           0  startup_stm32f10x_md.o(STACK)

    Global Symbols

    Symbol Name                              Value     Ov Type        Size  Object(Section)

    BuildAttributes$$THM_ISAv4$P$D$K$B$S$PE$A:L22UL41UL21$X:L11$S22US41US21$IEEE1$IW$USESV6$~STKCKD$USESV7$~SHL$OTIME$ROPI$IEEEJ$EBA8$UX$STANDARDLIB$REQ8$PRES8$EABIv2 0x00000000   Number         0  anon$$obj.o ABSOLUTE
    __ARM_use_no_argv                        0x00000000   Number         0  main.o ABSOLUTE
    _printf_flags                            0x00000000   Number         0  printf_stubs.o ABSOLUTE
    _printf_return_value                     0x00000000   Number         0  printf_stubs.o ABSOLUTE
    _printf_sizespec                         0x00000000   Number         0  printf_stubs.o ABSOLUTE
    _printf_widthprec                        0x00000000   Number         0  printf_stubs.o ABSOLUTE
    __ARM_exceptions_init                     - Undefined Weak Reference
    __alloca_initialize                       - Undefined Weak Reference
    __cpp_initialize__aeabi_                  - Undefined Weak Reference
    __cxa_finalize                            - Undefined Weak Reference
    __sigvec_lookup                           - Undefined Weak Reference
    _atexit_init                              - Undefined Weak Reference
    _call_atexit_fns                          - Undefined Weak Reference
    _clock_init                               - Undefined Weak Reference
    _fp_trap_init                             - Undefined Weak Reference
    _fp_trap_shutdown                         - Undefined Weak Reference
    _get_lc_collate                           - Undefined Weak Reference
    _get_lc_monetary                          - Undefined Weak Reference
    _get_lc_time                              - Undefined Weak Reference
    _getenv_init                              - Undefined Weak Reference
    _handle_redirection                       - Undefined Weak Reference
    _init_alloc                               - Undefined Weak Reference
    _init_user_alloc                          - Undefined Weak Reference
    _initio                                   - Undefined Weak Reference
    _printf_fp_hex                            - Undefined Weak Reference
    _printf_mbtowc                            - Undefined Weak Reference
    _printf_wc                                - Undefined Weak Reference
    _rand_init                                - Undefined Weak Reference
    _signal_finish                            - Undefined Weak Reference
    _signal_init                              - Undefined Weak Reference
    _terminate_alloc                          - Undefined Weak Reference
    _terminate_user_alloc                     - Undefined Weak Reference
    _terminateio                              - Undefined Weak Reference
    __Vectors_Size                           0x000000ec   Number         0  startup_stm32f10x_md.o ABSOLUTE
    __Vectors                                0x08000000   Data           4  startup_stm32f10x_md.o(RESET)
    __Vectors_End                            0x080000ec   Data           0  startup_stm32f10x_md.o(RESET)
    __main                                   0x080000ed   Thumb Code     8  __main.o(!!!main)
    __scatterload                            0x080000f5   Thumb Code     0  __scatter.o(!!!scatter)
    __scatterload_rt2                        0x080000f5   Thumb Code    44  __scatter.o(!!!scatter)
    __scatterload_rt2_thumb_only             0x080000f5   Thumb Code     0  __scatter.o(!!!scatter)
    __scatterload_null                       0x08000103   Thumb Code     0  __scatter.o(!!!scatter)
    __scatterload_copy                       0x08000129   Thumb Code    26  __scatter_copy.o(!!handler_copy)
    __scatterload_zeroinit                   0x08000145   Thumb Code    28  __scatter_zi.o(!!handler_zi)
    _printf_n                                0x08000161   Thumb Code     0  _printf_n.o(.ARM.Collect$$_printf_percent$$00000001)
    _printf_percent                          0x08000161   Thumb Code     0  _printf_percent.o(.ARM.Collect$$_printf_percent$$00000000)
    _printf_p                                0x08000167   Thumb Code     0  _printf_p.o(.ARM.Collect$$_printf_percent$$00000002)
    _printf_f                                0x0800016d   Thumb Code     0  _printf_f.o(.ARM.Collect$$_printf_percent$$00000003)
    _printf_e                                0x08000173   Thumb Code     0  _printf_e.o(.ARM.Collect$$_printf_percent$$00000004)
    _printf_g                                0x08000179   Thumb Code     0  _printf_g.o(.ARM.Collect$$_printf_percent$$00000005)
    _printf_a                                0x0800017f   Thumb Code     0  _printf_a.o(.ARM.Collect$$_printf_percent$$00000006)
    _printf_ll                               0x08000185   Thumb Code     0  _printf_ll.o(.ARM.Collect$$_printf_percent$$00000007)
    _printf_i                                0x0800018f   Thumb Code     0  _printf_i.o(.ARM.Collect$$_printf_percent$$00000008)
    _printf_d                                0x08000195   Thumb Code     0  _printf_d.o(.ARM.Collect$$_printf_percent$$00000009)
    _printf_u                                0x0800019b   Thumb Code     0  _printf_u.o(.ARM.Collect$$_printf_percent$$0000000A)
    _printf_o                                0x080001a1   Thumb Code     0  _printf_o.o(.ARM.Collect$$_printf_percent$$0000000B)
    _printf_x                                0x080001a7   Thumb Code     0  _printf_x.o(.ARM.Collect$$_printf_percent$$0000000C)
    _printf_lli                              0x080001ad   Thumb Code     0  _printf_lli.o(.ARM.Collect$$_printf_percent$$0000000D)
    _printf_lld                              0x080001b3   Thumb Code     0  _printf_lld.o(.ARM.Collect$$_printf_percent$$0000000E)
    _printf_llu                              0x080001b9   Thumb Code     0  _printf_llu.o(.ARM.Collect$$_printf_percent$$0000000F)
    _printf_llo                              0x080001bf   Thumb Code     0  _printf_llo.o(.ARM.Collect$$_printf_percent$$00000010)
    _printf_llx                              0x080001c5   Thumb Code     0  _printf_llx.o(.ARM.Collect$$_printf_percent$$00000011)
    _printf_l                                0x080001cb   Thumb Code     0  _printf_l.o(.ARM.Collect$$_printf_percent$$00000012)
    _printf_c                                0x080001d5   Thumb Code     0  _printf_c.o(.ARM.Collect$$_printf_percent$$00000013)
    _printf_s                                0x080001db   Thumb Code     0  _printf_s.o(.ARM.Collect$$_printf_percent$$00000014)
    _printf_lc                               0x080001e1   Thumb Code     0  _printf_lc.o(.ARM.Collect$$_printf_percent$$00000015)
    _printf_ls                               0x080001e7   Thumb Code     0  _printf_ls.o(.ARM.Collect$$_printf_percent$$00000016)
    _printf_percent_end                      0x080001ed   Thumb Code     0  _printf_percent_end.o(.ARM.Collect$$_printf_percent$$00000017)
    __rt_lib_init                            0x080001f1   Thumb Code     0  libinit.o(.ARM.Collect$$libinit$$00000000)
    __rt_lib_init_fp_1                       0x080001f3   Thumb Code     0  libinit2.o(.ARM.Collect$$libinit$$00000002)
    __rt_lib_init_heap_1                     0x080001f3   Thumb Code     0  libinit2.o(.ARM.Collect$$libinit$$00000008)
    __rt_lib_init_lc_common                  0x080001f3   Thumb Code     0  libinit2.o(.ARM.Collect$$libinit$$0000000D)
    __rt_lib_init_rand_1                     0x080001f3   Thumb Code     0  libinit2.o(.ARM.Collect$$libinit$$0000000C)
    __rt_lib_init_user_alloc_1               0x080001f3   Thumb Code     0  libinit2.o(.ARM.Collect$$libinit$$0000000A)
    __rt_lib_init_lc_collate_1               0x080001f9   Thumb Code     0  libinit2.o(.ARM.Collect$$libinit$$0000000F)
    __rt_lib_init_lc_ctype_2                 0x080001f9   Thumb Code     0  libinit2.o(.ARM.Collect$$libinit$$00000010)
    __rt_lib_init_lc_ctype_1                 0x08000205   Thumb Code     0  libinit2.o(.ARM.Collect$$libinit$$00000011)
    __rt_lib_init_lc_monetary_1              0x08000205   Thumb Code     0  libinit2.o(.ARM.Collect$$libinit$$00000013)
    __rt_lib_init_lc_numeric_2               0x08000205   Thumb Code     0  libinit2.o(.ARM.Collect$$libinit$$00000014)
    __rt_lib_init_alloca_1                   0x0800020f   Thumb Code     0  libinit2.o(.ARM.Collect$$libinit$$0000002C)
    __rt_lib_init_argv_1                     0x0800020f   Thumb Code     0  libinit2.o(.ARM.Collect$$libinit$$0000002A)
    __rt_lib_init_atexit_1                   0x0800020f   Thumb Code     0  libinit2.o(.ARM.Collect$$libinit$$00000019)
    __rt_lib_init_clock_1                    0x0800020f   Thumb Code     0  libinit2.o(.ARM.Collect$$libinit$$0000001F)
    __rt_lib_init_cpp_1                      0x0800020f   Thumb Code     0  libinit2.o(.ARM.Collect$$libinit$$00000030)
    __rt_lib_init_exceptions_1               0x0800020f   Thumb Code     0  libinit2.o(.ARM.Collect$$libinit$$0000002E)
    __rt_lib_init_fp_trap_1                  0x0800020f   Thumb Code     0  libinit2.o(.ARM.Collect$$libinit$$0000001D)
    __rt_lib_init_getenv_1                   0x0800020f   Thumb Code     0  libinit2.o(.ARM.Collect$$libinit$$00000021)
    __rt_lib_init_lc_numeric_1               0x0800020f   Thumb Code     0  libinit2.o(.ARM.Collect$$libinit$$00000015)
    __rt_lib_init_lc_time_1                  0x0800020f   Thumb Code     0  libinit2.o(.ARM.Collect$$libinit$$00000017)
    __rt_lib_init_return                     0x0800020f   Thumb Code     0  libinit2.o(.ARM.Collect$$libinit$$00000031)
    __rt_lib_init_signal_1                   0x0800020f   Thumb Code     0  libinit2.o(.ARM.Collect$$libinit$$0000001B)
    __rt_lib_init_stdio_1                    0x0800020f   Thumb Code     0  libinit2.o(.ARM.Collect$$libinit$$00000023)
    __rt_lib_shutdown                        0x08000211   Thumb Code     0  libshutdown.o(.ARM.Collect$$libshutdown$$00000000)
    __rt_lib_shutdown_fp_trap_1              0x08000213   Thumb Code     0  libshutdown2.o(.ARM.Collect$$libshutdown$$00000006)
    __rt_lib_shutdown_heap_1                 0x08000213   Thumb Code     0  libshutdown2.o(.ARM.Collect$$libshutdown$$0000000E)
    __rt_lib_shutdown_return                 0x08000213   Thumb Code     0  libshutdown2.o(.ARM.Collect$$libshutdown$$0000000F)
    __rt_lib_shutdown_signal_1               0x08000213   Thumb Code     0  libshutdown2.o(.ARM.Collect$$libshutdown$$00000009)
    __rt_lib_shutdown_stdio_1                0x08000213   Thumb Code     0  libshutdown2.o(.ARM.Collect$$libshutdown$$00000003)
    __rt_lib_shutdown_user_alloc_1           0x08000213   Thumb Code     0  libshutdown2.o(.ARM.Collect$$libshutdown$$0000000B)
    __rt_entry                               0x08000215   Thumb Code     0  rtentry.o(.ARM.Collect$$rtentry$$00000000)
    __rt_entry_presh_1                       0x08000215   Thumb Code     0  rtentry2.o(.ARM.Collect$$rtentry$$00000002)
    __rt_entry_sh                            0x08000215   Thumb Code     0  rtentry4.o(.ARM.Collect$$rtentry$$00000004)
    __rt_entry_li                            0x0800021b   Thumb Code     0  rtentry2.o(.ARM.Collect$$rtentry$$0000000A)
    __rt_entry_postsh_1                      0x0800021b   Thumb Code     0  rtentry2.o(.ARM.Collect$$rtentry$$00000009)
    __rt_entry_main                          0x0800021f   Thumb Code     0  rtentry2.o(.ARM.Collect$$rtentry$$0000000D)
    __rt_entry_postli_1                      0x0800021f   Thumb Code     0  rtentry2.o(.ARM.Collect$$rtentry$$0000000C)
    __rt_exit                                0x08000227   Thumb Code     0  rtexit.o(.ARM.Collect$$rtexit$$00000000)
    __rt_exit_ls                             0x08000229   Thumb Code     0  rtexit2.o(.ARM.Collect$$rtexit$$00000003)
    __rt_exit_prels_1                        0x08000229   Thumb Code     0  rtexit2.o(.ARM.Collect$$rtexit$$00000002)
    __rt_exit_exit                           0x0800022d   Thumb Code     0  rtexit2.o(.ARM.Collect$$rtexit$$00000004)
    SystemInit                               0x08000235   Thumb Code    64  system_stm32f10x.o(.text)
    SystemCoreClockUpdate                    0x08000275   Thumb Code    86  system_stm32f10x.o(.text)
    NVIC_PriorityGroupConfig                 0x08000375   Thumb Code    10  misc.o(.text)
    NVIC_Init                                0x0800037f   Thumb Code    90  misc.o(.text)
    NVIC_SetVectorTable                      0x080003d9   Thumb Code    14  misc.o(.text)
    NVIC_SystemLPConfig                      0x080003e7   Thumb Code    20  misc.o(.text)
    SysTick_CLKSourceConfig                  0x080003fb   Thumb Code    24  misc.o(.text)
    GPIO_DeInit                              0x08000425   Thumb Code   152  stm32f10x_gpio.o(.text)
    GPIO_AFIODeInit                          0x080004bd   Thumb Code    22  stm32f10x_gpio.o(.text)
    GPIO_Init                                0x080004d3   Thumb Code   164  stm32f10x_gpio.o(.text)
    GPIO_StructInit                          0x08000577   Thumb Code    16  stm32f10x_gpio.o(.text)
    GPIO_ReadInputDataBit                    0x08000587   Thumb Code    14  stm32f10x_gpio.o(.text)
    GPIO_ReadInputData                       0x08000595   Thumb Code     6  stm32f10x_gpio.o(.text)
    GPIO_ReadOutputDataBit                   0x0800059b   Thumb Code    14  stm32f10x_gpio.o(.text)
    GPIO_ReadOutputData                      0x080005a9   Thumb Code     6  stm32f10x_gpio.o(.text)
    GPIO_SetBits                             0x080005af   Thumb Code     4  stm32f10x_gpio.o(.text)
    GPIO_ResetBits                           0x080005b3   Thumb Code     4  stm32f10x_gpio.o(.text)
    GPIO_WriteBit                            0x080005b7   Thumb Code    10  stm32f10x_gpio.o(.text)
    GPIO_Write                               0x080005c1   Thumb Code     4  stm32f10x_gpio.o(.text)
    GPIO_PinLockConfig                       0x080005c5   Thumb Code    16  stm32f10x_gpio.o(.text)
    GPIO_EventOutputConfig                   0x080005d5   Thumb Code    22  stm32f10x_gpio.o(.text)
    GPIO_EventOutputCmd                      0x080005eb   Thumb Code     6  stm32f10x_gpio.o(.text)
    GPIO_PinRemapConfig                      0x080005f1   Thumb Code    82  stm32f10x_gpio.o(.text)
    GPIO_EXTILineConfig                      0x08000643   Thumb Code    34  stm32f10x_gpio.o(.text)
    GPIO_ETH_MediaInterfaceConfig            0x08000665   Thumb Code     8  stm32f10x_gpio.o(.text)
    RCC_DeInit                               0x08000691   Thumb Code    50  stm32f10x_rcc.o(.text)
    RCC_HSEConfig                            0x080006c3   Thumb Code    48  stm32f10x_rcc.o(.text)
    RCC_GetFlagStatus                        0x080006f3   Thumb Code    42  stm32f10x_rcc.o(.text)
    RCC_WaitForHSEStartUp                    0x0800071d   Thumb Code    38  stm32f10x_rcc.o(.text)
    RCC_AdjustHSICalibrationValue            0x08000743   Thumb Code    16  stm32f10x_rcc.o(.text)
    RCC_HSICmd                               0x08000753   Thumb Code     6  stm32f10x_rcc.o(.text)
    RCC_PLLConfig                            0x08000759   Thumb Code    16  stm32f10x_rcc.o(.text)
    RCC_PLLCmd                               0x08000769   Thumb Code     6  stm32f10x_rcc.o(.text)
    RCC_SYSCLKConfig                         0x0800076f   Thumb Code    14  stm32f10x_rcc.o(.text)
    RCC_GetSYSCLKSource                      0x0800077d   Thumb Code    10  stm32f10x_rcc.o(.text)
    RCC_HCLKConfig                           0x08000787   Thumb Code    14  stm32f10x_rcc.o(.text)
    RCC_PCLK1Config                          0x08000795   Thumb Code    14  stm32f10x_rcc.o(.text)
    RCC_PCLK2Config                          0x080007a3   Thumb Code    16  stm32f10x_rcc.o(.text)
    RCC_ITConfig                             0x080007b3   Thumb Code    18  stm32f10x_rcc.o(.text)
    RCC_USBCLKConfig                         0x080007c5   Thumb Code     8  stm32f10x_rcc.o(.text)
    RCC_ADCCLKConfig                         0x080007cd   Thumb Code    14  stm32f10x_rcc.o(.text)
    RCC_LSEConfig                            0x080007db   Thumb Code    28  stm32f10x_rcc.o(.text)
    RCC_LSICmd                               0x080007f7   Thumb Code     6  stm32f10x_rcc.o(.text)
    RCC_RTCCLKConfig                         0x080007fd   Thumb Code    10  stm32f10x_rcc.o(.text)
    RCC_RTCCLKCmd                            0x08000807   Thumb Code     8  stm32f10x_rcc.o(.text)
    RCC_GetClocksFreq                        0x0800080f   Thumb Code   138  stm32f10x_rcc.o(.text)
    RCC_AHBPeriphClockCmd                    0x08000899   Thumb Code    18  stm32f10x_rcc.o(.text)
    RCC_APB2PeriphClockCmd                   0x080008ab   Thumb Code    18  stm32f10x_rcc.o(.text)
    RCC_APB1PeriphClockCmd                   0x080008bd   Thumb Code    18  stm32f10x_rcc.o(.text)
    RCC_APB2PeriphResetCmd                   0x080008cf   Thumb Code    18  stm32f10x_rcc.o(.text)
    RCC_APB1PeriphResetCmd                   0x080008e1   Thumb Code    18  stm32f10x_rcc.o(.text)
    RCC_BackupResetCmd                       0x080008f3   Thumb Code     8  stm32f10x_rcc.o(.text)
    RCC_ClockSecuritySystemCmd               0x080008fb   Thumb Code     6  stm32f10x_rcc.o(.text)
    RCC_MCOConfig                            0x08000901   Thumb Code     6  stm32f10x_rcc.o(.text)
    RCC_ClearFlag                            0x08000907   Thumb Code    12  stm32f10x_rcc.o(.text)
    RCC_GetITStatus                          0x08000913   Thumb Code    16  stm32f10x_rcc.o(.text)
    RCC_ClearITPendingBit                    0x08000923   Thumb Code     6  stm32f10x_rcc.o(.text)
    USART_DeInit                             0x08000949   Thumb Code    96  stm32f10x_usart.o(.text)
    USART_Init                               0x080009a9   Thumb Code   176  stm32f10x_usart.o(.text)
    USART_StructInit                         0x08000a59   Thumb Code    22  stm32f10x_usart.o(.text)
    USART_ClockInit                          0x08000a6f   Thumb Code    30  stm32f10x_usart.o(.text)
    USART_ClockStructInit                    0x08000a8d   Thumb Code    12  stm32f10x_usart.o(.text)
    USART_Cmd                                0x08000a99   Thumb Code    20  stm32f10x_usart.o(.text)
    USART_ITConfig                           0x08000aad   Thumb Code    48  stm32f10x_usart.o(.text)
    USART_DMACmd                             0x08000add   Thumb Code    16  stm32f10x_usart.o(.text)
    USART_SetAddress                         0x08000aed   Thumb Code    16  stm32f10x_usart.o(.text)
    USART_WakeUpConfig                       0x08000afd   Thumb Code    16  stm32f10x_usart.o(.text)
    USART_ReceiverWakeUpCmd                  0x08000b0d   Thumb Code    20  stm32f10x_usart.o(.text)
    USART_LINBreakDetectLengthConfig         0x08000b21   Thumb Code    16  stm32f10x_usart.o(.text)
    USART_LINCmd                             0x08000b31   Thumb Code    20  stm32f10x_usart.o(.text)
    USART_SendData                           0x08000b45   Thumb Code     8  stm32f10x_usart.o(.text)
    USART_ReceiveData                        0x08000b4d   Thumb Code     8  stm32f10x_usart.o(.text)
    USART_SendBreak                          0x08000b55   Thumb Code    10  stm32f10x_usart.o(.text)
    USART_SetGuardTime                       0x08000b5f   Thumb Code    16  stm32f10x_usart.o(.text)
    USART_SetPrescaler                       0x08000b6f   Thumb Code    16  stm32f10x_usart.o(.text)
    USART_SmartCardCmd                       0x08000b7f   Thumb Code    20  stm32f10x_usart.o(.text)
    USART_SmartCardNACKCmd                   0x08000b93   Thumb Code    20  stm32f10x_usart.o(.text)
    USART_HalfDuplexCmd                      0x08000ba7   Thumb Code    20  stm32f10x_usart.o(.text)
    USART_OverSampling8Cmd                   0x08000bbb   Thumb Code    20  stm32f10x_usart.o(.text)
    USART_OneBitMethodCmd                    0x08000bcf   Thumb Code    20  stm32f10x_usart.o(.text)
    USART_IrDAConfig                         0x08000be3   Thumb Code    16  stm32f10x_usart.o(.text)
    USART_IrDACmd                            0x08000bf3   Thumb Code    20  stm32f10x_usart.o(.text)
    USART_GetFlagStatus                      0x08000c07   Thumb Code    14  stm32f10x_usart.o(.text)
    USART_ClearFlag                          0x08000c15   Thumb Code     6  stm32f10x_usart.o(.text)
    USART_GetITStatus                        0x08000c1b   Thumb Code    62  stm32f10x_usart.o(.text)
    USART_ClearITPendingBit                  0x08000c59   Thumb Code    12  stm32f10x_usart.o(.text)
    TIM_DeInit                               0x08000c79   Thumb Code   304  stm32f10x_tim.o(.text)
    TIM_TimeBaseInit                         0x08000da9   Thumb Code   114  stm32f10x_tim.o(.text)
    TIM_OC1Init                              0x08000e1b   Thumb Code   106  stm32f10x_tim.o(.text)
    TIM_OC2Init                              0x08000e85   Thumb Code   120  stm32f10x_tim.o(.text)
    TIM_OC3Init                              0x08000efd   Thumb Code   116  stm32f10x_tim.o(.text)
    TIM_OC4Init                              0x08000f71   Thumb Code    90  stm32f10x_tim.o(.text)
    TIM_SetIC4Prescaler                      0x08000fcb   Thumb Code    24  stm32f10x_tim.o(.text)
    TIM_SetIC3Prescaler                      0x08000fe3   Thumb Code    16  stm32f10x_tim.o(.text)
    TIM_SetIC2Prescaler                      0x08000ff3   Thumb Code    24  stm32f10x_tim.o(.text)
    TIM_SetIC1Prescaler                      0x080010b1   Thumb Code    16  stm32f10x_tim.o(.text)
    TIM_ICInit                               0x08001119   Thumb Code   272  stm32f10x_tim.o(.text)
    TIM_PWMIConfig                           0x08001229   Thumb Code   104  stm32f10x_tim.o(.text)
    TIM_BDTRConfig                           0x08001291   Thumb Code    34  stm32f10x_tim.o(.text)
    TIM_TimeBaseStructInit                   0x080012b3   Thumb Code    18  stm32f10x_tim.o(.text)
    TIM_OCStructInit                         0x080012c5   Thumb Code    20  stm32f10x_tim.o(.text)
    TIM_ICStructInit                         0x080012d9   Thumb Code    16  stm32f10x_tim.o(.text)
    TIM_BDTRStructInit                       0x080012e9   Thumb Code    18  stm32f10x_tim.o(.text)
    TIM_Cmd                                  0x080012fb   Thumb Code    20  stm32f10x_tim.o(.text)
    TIM_CtrlPWMOutputs                       0x0800130f   Thumb Code    22  stm32f10x_tim.o(.text)
    TIM_ITConfig                             0x08001325   Thumb Code    16  stm32f10x_tim.o(.text)
    TIM_GenerateEvent                        0x08001335   Thumb Code     4  stm32f10x_tim.o(.text)
    TIM_DMAConfig                            0x08001339   Thumb Code     8  stm32f10x_tim.o(.text)
    TIM_DMACmd                               0x08001341   Thumb Code    16  stm32f10x_tim.o(.text)
    TIM_InternalClockConfig                  0x08001351   Thumb Code    10  stm32f10x_tim.o(.text)
    TIM_SelectInputTrigger                   0x0800135b   Thumb Code    12  stm32f10x_tim.o(.text)
    TIM_ITRxExternalClockConfig              0x08001367   Thumb Code    18  stm32f10x_tim.o(.text)
    TIM_TIxExternalClockConfig               0x08001379   Thumb Code    44  stm32f10x_tim.o(.text)
    TIM_ETRConfig                            0x080013a5   Thumb Code    24  stm32f10x_tim.o(.text)
    TIM_ETRClockMode1Config                  0x080013bd   Thumb Code    18  stm32f10x_tim.o(.text)
    TIM_ETRClockMode2Config                  0x080013cf   Thumb Code    18  stm32f10x_tim.o(.text)
    TIM_PrescalerConfig                      0x080013e1   Thumb Code     6  stm32f10x_tim.o(.text)
    TIM_CounterModeConfig                    0x080013e7   Thumb Code    12  stm32f10x_tim.o(.text)
    TIM_EncoderInterfaceConfig               0x080013f3   Thumb Code    50  stm32f10x_tim.o(.text)
    TIM_ForcedOC1Config                      0x08001425   Thumb Code    12  stm32f10x_tim.o(.text)
    TIM_ForcedOC2Config                      0x08001431   Thumb Code    20  stm32f10x_tim.o(.text)
    TIM_ForcedOC3Config                      0x08001445   Thumb Code    12  stm32f10x_tim.o(.text)
    TIM_ForcedOC4Config                      0x08001451   Thumb Code    20  stm32f10x_tim.o(.text)
    TIM_ARRPreloadConfig                     0x08001465   Thumb Code    20  stm32f10x_tim.o(.text)
    TIM_SelectCOM                            0x08001479   Thumb Code    20  stm32f10x_tim.o(.text)
    TIM_SelectCCDMA                          0x0800148d   Thumb Code    20  stm32f10x_tim.o(.text)
    TIM_CCPreloadControl                     0x080014a1   Thumb Code    20  stm32f10x_tim.o(.text)
    TIM_OC1PreloadConfig                     0x080014b5   Thumb Code    32  stm32f10x_tim.o(.text)
    TIM_OC2PreloadConfig                     0x080014d5   Thumb Code    20  stm32f10x_tim.o(.text)
    TIM_OC3PreloadConfig                     0x080014e9   Thumb Code    12  stm32f10x_tim.o(.text)
    TIM_OC4PreloadConfig                     0x080014f5   Thumb Code    20  stm32f10x_tim.o(.text)
    TIM_OC1FastConfig                        0x08001509   Thumb Code    12  stm32f10x_tim.o(.text)
    TIM_OC2FastConfig                        0x08001515   Thumb Code    20  stm32f10x_tim.o(.text)
    TIM_OC3FastConfig                        0x08001529   Thumb Code    12  stm32f10x_tim.o(.text)
    TIM_OC4FastConfig                        0x08001535   Thumb Code    20  stm32f10x_tim.o(.text)
    TIM_ClearOC1Ref                          0x08001549   Thumb Code    12  stm32f10x_tim.o(.text)
    TIM_ClearOC2Ref                          0x08001555   Thumb Code    20  stm32f10x_tim.o(.text)
    TIM_ClearOC3Ref                          0x08001569   Thumb Code    12  stm32f10x_tim.o(.text)
    TIM_ClearOC4Ref                          0x08001575   Thumb Code    20  stm32f10x_tim.o(.text)
    TIM_OC1PolarityConfig                    0x08001589   Thumb Code    12  stm32f10x_tim.o(.text)
    TIM_OC1NPolarityConfig                   0x08001595   Thumb Code    12  stm32f10x_tim.o(.text)
    TIM_OC2PolarityConfig                    0x080015a1   Thumb Code    20  stm32f10x_tim.o(.text)
    TIM_OC2NPolarityConfig                   0x080015b5   Thumb Code    20  stm32f10x_tim.o(.text)
    TIM_OC3PolarityConfig                    0x080015c9   Thumb Code    20  stm32f10x_tim.o(.text)
    TIM_OC3NPolarityConfig                   0x080015dd   Thumb Code    20  stm32f10x_tim.o(.text)
    TIM_OC4PolarityConfig                    0x080015f1   Thumb Code    20  stm32f10x_tim.o(.text)
    TIM_CCxCmd                               0x08001605   Thumb Code    22  stm32f10x_tim.o(.text)
    TIM_CCxNCmd                              0x0800161b   Thumb Code    22  stm32f10x_tim.o(.text)
    TIM_SelectOCxM                           0x08001631   Thumb Code    70  stm32f10x_tim.o(.text)
    TIM_UpdateDisableConfig                  0x08001677   Thumb Code    20  stm32f10x_tim.o(.text)
    TIM_UpdateRequestConfig                  0x0800168b   Thumb Code    20  stm32f10x_tim.o(.text)
    TIM_SelectHallSensor                     0x0800169f   Thumb Code    20  stm32f10x_tim.o(.text)
    TIM_SelectOnePulseMode                   0x080016b3   Thumb Code    16  stm32f10x_tim.o(.text)
    TIM_SelectOutputTrigger                  0x080016c3   Thumb Code    16  stm32f10x_tim.o(.text)
    TIM_SelectSlaveMode                      0x080016d3   Thumb Code    16  stm32f10x_tim.o(.text)
    TIM_SelectMasterSlaveMode                0x080016e3   Thumb Code    16  stm32f10x_tim.o(.text)
    TIM_SetCounter                           0x080016f3   Thumb Code     4  stm32f10x_tim.o(.text)
    TIM_SetAutoreload                        0x080016f7   Thumb Code     4  stm32f10x_tim.o(.text)
    TIM_SetCompare1                          0x080016fb   Thumb Code     4  stm32f10x_tim.o(.text)
    TIM_SetCompare2                          0x080016ff   Thumb Code     4  stm32f10x_tim.o(.text)
    TIM_SetCompare3                          0x08001703   Thumb Code     4  stm32f10x_tim.o(.text)
    TIM_SetCompare4                          0x08001707   Thumb Code     6  stm32f10x_tim.o(.text)
    TIM_SetClockDivision                     0x0800170d   Thumb Code    16  stm32f10x_tim.o(.text)
    TIM_GetCapture1                          0x0800171d   Thumb Code     4  stm32f10x_tim.o(.text)
    TIM_GetCapture2                          0x08001721   Thumb Code     4  stm32f10x_tim.o(.text)
    TIM_GetCapture3                          0x08001725   Thumb Code     4  stm32f10x_tim.o(.text)
    TIM_GetCapture4                          0x08001729   Thumb Code     6  stm32f10x_tim.o(.text)
    TIM_GetCounter                           0x0800172f   Thumb Code     4  stm32f10x_tim.o(.text)
    TIM_GetPrescaler                         0x08001733   Thumb Code     4  stm32f10x_tim.o(.text)
    TIM_GetFlagStatus                        0x08001737   Thumb Code    14  stm32f10x_tim.o(.text)
    TIM_ClearFlag                            0x08001745   Thumb Code     6  stm32f10x_tim.o(.text)
    TIM_GetITStatus                          0x0800174b   Thumb Code    24  stm32f10x_tim.o(.text)
    TIM_ClearITPendingBit                    0x08001763   Thumb Code     6  stm32f10x_tim.o(.text)
    DMA_DeInit                               0x08001769   Thumb Code   218  stm32f10x_dma.o(.text)
    DMA_Init                                 0x08001843   Thumb Code    58  stm32f10x_dma.o(.text)
    DMA_StructInit                           0x0800187d   Thumb Code    26  stm32f10x_dma.o(.text)
    DMA_Cmd                                  0x08001897   Thumb Code    22  stm32f10x_dma.o(.text)
    DMA_ITConfig                             0x080018ad   Thumb Code    16  stm32f10x_dma.o(.text)
    DMA_SetCurrDataCounter                   0x080018bd   Thumb Code     4  stm32f10x_dma.o(.text)
    DMA_GetCurrDataCounter                   0x080018c1   Thumb Code     6  stm32f10x_dma.o(.text)
    DMA_GetFlagStatus                        0x080018c7   Thumb Code    28  stm32f10x_dma.o(.text)
    DMA_ClearFlag                            0x080018e3   Thumb Code    20  stm32f10x_dma.o(.text)
    DMA_GetITStatus                          0x080018f7   Thumb Code    28  stm32f10x_dma.o(.text)
    DMA_ClearITPendingBit                    0x08001913   Thumb Code    20  stm32f10x_dma.o(.text)
    Reset_Handler                            0x08001931   Thumb Code     8  startup_stm32f10x_md.o(.text)
    ADC1_2_IRQHandler                        0x0800194b   Thumb Code     0  startup_stm32f10x_md.o(.text)
    CAN1_RX1_IRQHandler                      0x0800194b   Thumb Code     0  startup_stm32f10x_md.o(.text)
    CAN1_SCE_IRQHandler                      0x0800194b   Thumb Code     0  startup_stm32f10x_md.o(.text)
    DMA1_Channel1_IRQHandler                 0x0800194b   Thumb Code     0  startup_stm32f10x_md.o(.text)
    DMA1_Channel4_IRQHandler                 0x0800194b   Thumb Code     0  startup_stm32f10x_md.o(.text)
    DMA1_Channel5_IRQHandler                 0x0800194b   Thumb Code     0  startup_stm32f10x_md.o(.text)
    DMA1_Channel7_IRQHandler                 0x0800194b   Thumb Code     0  startup_stm32f10x_md.o(.text)
    EXTI0_IRQHandler                         0x0800194b   Thumb Code     0  startup_stm32f10x_md.o(.text)
    EXTI15_10_IRQHandler                     0x0800194b   Thumb Code     0  startup_stm32f10x_md.o(.text)
    EXTI1_IRQHandler                         0x0800194b   Thumb Code     0  startup_stm32f10x_md.o(.text)
    EXTI2_IRQHandler                         0x0800194b   Thumb Code     0  startup_stm32f10x_md.o(.text)
    EXTI3_IRQHandler                         0x0800194b   Thumb Code     0  startup_stm32f10x_md.o(.text)
    EXTI4_IRQHandler                         0x0800194b   Thumb Code     0  startup_stm32f10x_md.o(.text)
    EXTI9_5_IRQHandler                       0x0800194b   Thumb Code     0  startup_stm32f10x_md.o(.text)
    FLASH_IRQHandler                         0x0800194b   Thumb Code     0  startup_stm32f10x_md.o(.text)
    I2C1_ER_IRQHandler                       0x0800194b   Thumb Code     0  startup_stm32f10x_md.o(.text)
    I2C1_EV_IRQHandler                       0x0800194b   Thumb Code     0  startup_stm32f10x_md.o(.text)
    I2C2_ER_IRQHandler                       0x0800194b   Thumb Code     0  startup_stm32f10x_md.o(.text)
    I2C2_EV_IRQHandler                       0x0800194b   Thumb Code     0  startup_stm32f10x_md.o(.text)
    PVD_IRQHandler                           0x0800194b   Thumb Code     0  startup_stm32f10x_md.o(.text)
    RCC_IRQHandler                           0x0800194b   Thumb Code     0  startup_stm32f10x_md.o(.text)
    RTCAlarm_IRQHandler                      0x0800194b   Thumb Code     0  startup_stm32f10x_md.o(.text)
    RTC_IRQHandler                           0x0800194b   Thumb Code     0  startup_stm32f10x_md.o(.text)
    SPI1_IRQHandler                          0x0800194b   Thumb Code     0  startup_stm32f10x_md.o(.text)
    SPI2_IRQHandler                          0x0800194b   Thumb Code     0  startup_stm32f10x_md.o(.text)
    TAMPER_IRQHandler                        0x0800194b   Thumb Code     0  startup_stm32f10x_md.o(.text)
    TIM1_BRK_IRQHandler                      0x0800194b   Thumb Code     0  startup_stm32f10x_md.o(.text)
    TIM1_CC_IRQHandler                       0x0800194b   Thumb Code     0  startup_stm32f10x_md.o(.text)
    TIM1_TRG_COM_IRQHandler                  0x0800194b   Thumb Code     0  startup_stm32f10x_md.o(.text)
    TIM1_UP_IRQHandler                       0x0800194b   Thumb Code     0  startup_stm32f10x_md.o(.text)
    TIM2_IRQHandler                          0x0800194b   Thumb Code     0  startup_stm32f10x_md.o(.text)
    TIM4_IRQHandler                          0x0800194b   Thumb Code     0  startup_stm32f10x_md.o(.text)
    USART2_IRQHandler                        0x0800194b   Thumb Code     0  startup_stm32f10x_md.o(.text)
    USART3_IRQHandler                        0x0800194b   Thumb Code     0  startup_stm32f10x_md.o(.text)
    USBWakeUp_IRQHandler                     0x0800194b   Thumb Code     0  startup_stm32f10x_md.o(.text)
    USB_HP_CAN1_TX_IRQHandler                0x0800194b   Thumb Code     0  startup_stm32f10x_md.o(.text)
    USB_LP_CAN1_RX0_IRQHandler               0x0800194b   Thumb Code     0  startup_stm32f10x_md.o(.text)
    WWDG_IRQHandler                          0x0800194b   Thumb Code     0  startup_stm32f10x_md.o(.text)
    __user_initial_stackheap                 0x0800194d   Thumb Code     0  startup_stm32f10x_md.o(.text)
    delay_init                               0x08001971   Thumb Code    38  delay.o(.text)
    delay_us                                 0x08001997   Thumb Code    36  delay.o(.text)
    delay_ms                                 0x080019bb   Thumb Code    36  delay.o(.text)
    pinMode                                  0x080019e5   Thumb Code    46  io.o(.text)
    USART1_Init                              0x08001a15   Thumb Code   192  usart.o(.text)
    USART1_printf                            0x08001ad5   Thumb Code    70  usart.o(.text)
    USART1_Send_Buffer                       0x08001b1b   Thumb Code    44  usart.o(.text)
    USART1_Send_Byte                         0x08001b47   Thumb Code    26  usart.o(.text)
    USART1_Read_Buffer                       0x08001b61   Thumb Code    42  usart.o(.text)
    USART1_Read_Byte                         0x08001b8b   Thumb Code    26  usart.o(.text)
    USART1_IRQHandler                        0x08001ba5   Thumb Code    30  usart.o(.text)
    NMI_Handler                              0x08001bcd   Thumb Code     2  stm32f10x_it.o(.text)
    HardFault_Handler                        0x08001bcf   Thumb Code     2  stm32f10x_it.o(.text)
    MemManage_Handler                        0x08001bd1   Thumb Code     2  stm32f10x_it.o(.text)
    BusFault_Handler                         0x08001bd3   Thumb Code     2  stm32f10x_it.o(.text)
    UsageFault_Handler                       0x08001bd5   Thumb Code     2  stm32f10x_it.o(.text)
    SVC_Handler                              0x08001bd7   Thumb Code     2  stm32f10x_it.o(.text)
    DebugMon_Handler                         0x08001bd9   Thumb Code     2  stm32f10x_it.o(.text)
    PendSV_Handler                           0x08001bdb   Thumb Code     2  stm32f10x_it.o(.text)
    SysTick_Handler                          0x08001bdd   Thumb Code     2  stm32f10x_it.o(.text)
    TIM3_IRQHandler                          0x08001bdf   Thumb Code     8  stm32f10x_it.o(.text)
    DMA1_Channel2_IRQHandler                 0x08001be7   Thumb Code    16  stm32f10x_it.o(.text)
    DMA1_Channel3_IRQHandler                 0x08001bf7   Thumb Code     8  stm32f10x_it.o(.text)
    DMA1_Channel6_IRQHandler                 0x08001bff   Thumb Code     8  stm32f10x_it.o(.text)
    initialize()                             0x08001c11   Thumb Code   238  main.o(.text)
    setAddress(unsigned short)               0x08001cff   Thumb Code   360  main.o(.text)
    setData(unsigned char)                   0x08001e67   Thumb Code   178  main.o(.text)
    getData()                                0x08001f19   Thumb Code    84  main.o(.text)
    beginWriteByte()                         0x08001f6d   Thumb Code    96  main.o(.text)
    endWriteByte()                           0x08001fcd   Thumb Code    26  main.o(.text)
    writeByte(unsigned short, unsigned char) 0x08001fe7   Thumb Code   118  main.o(.text)
    beginReadByte()                          0x0800205d   Thumb Code    96  main.o(.text)
    readByte(unsigned short)                 0x080020bd   Thumb Code    38  main.o(.text)
    endReadByte()                            0x080020e3   Thumb Code    26  main.o(.text)
    testWriteEEprom()                        0x080020fd   Thumb Code    52  main.o(.text)
    testVGA()                                0x08002131   Thumb Code     2  main.o(.text)
    main                                     0x08002133   Thumb Code     6  main.o(.text)
    __c89vsnprintf                           0x08002159   Thumb Code    48  c89vsnprintf.o(.text)
    strlen                                   0x0800218d   Thumb Code    62  strlen.o(.text)
    __use_two_region_memory                  0x080021cb   Thumb Code     2  heapauxi.o(.text)
    __rt_heap_escrow$2region                 0x080021cd   Thumb Code     2  heapauxi.o(.text)
    __rt_heap_expand$2region                 0x080021cf   Thumb Code     2  heapauxi.o(.text)
    _printf_pre_padding                      0x080021d1   Thumb Code    46  _printf_pad.o(.text)
    _printf_post_padding                     0x080021ff   Thumb Code    36  _printf_pad.o(.text)
    _printf_truncate_signed                  0x08002223   Thumb Code    18  _printf_truncate.o(.text)
    _printf_truncate_unsigned                0x08002235   Thumb Code    18  _printf_truncate.o(.text)
    _printf_str                              0x08002247   Thumb Code    82  _printf_str.o(.text)
    _printf_int_dec                          0x08002299   Thumb Code   102  _printf_dec.o(.text)
    _printf_charcount                        0x08002311   Thumb Code    42  _printf_charcount.o(.text)
    _printf_char_common                      0x08002347   Thumb Code    32  _printf_char_common.o(.text)
    _sputc                                   0x0800236d   Thumb Code    10  _sputc.o(.text)
    _snputc                                  0x08002377   Thumb Code    16  _snputc.o(.text)
    _printf_wctomb                           0x08002389   Thumb Code   182  _printf_wctomb.o(.text)
    _printf_longlong_dec                     0x08002445   Thumb Code   104  _printf_longlong_dec.o(.text)
    _printf_longlong_oct                     0x080024bd   Thumb Code    76  _printf_oct_int_ll.o(.text)
    _printf_int_oct                          0x08002509   Thumb Code    24  _printf_oct_int_ll.o(.text)
    _printf_ll_oct                           0x08002521   Thumb Code    12  _printf_oct_int_ll.o(.text)
    _printf_longlong_hex                     0x08002535   Thumb Code    92  _printf_hex_int_ll_ptr.o(.text)
    _printf_int_hex                          0x08002591   Thumb Code    28  _printf_hex_int_ll_ptr.o(.text)
    _printf_ll_hex                           0x080025ad   Thumb Code    12  _printf_hex_int_ll_ptr.o(.text)
    _printf_hex_ptr                          0x080025b9   Thumb Code    18  _printf_hex_int_ll_ptr.o(.text)
    __printf                                 0x080025d1   Thumb Code   390  __printf_flags_ss_wp.o(.text)
    _ll_udiv10                               0x0800275d   Thumb Code   138  lludiv10.o(.text)
    _printf_int_common                       0x080027e7   Thumb Code   184  _printf_intcommon.o(.text)
    __lib_sel_fp_printf                      0x0800289f   Thumb Code     2  _printf_fp_dec.o(.text)
    _printf_fp_dec_real                      0x08002a4b   Thumb Code   628  _printf_fp_dec.o(.text)
    _printf_cs_common                        0x08002cbf   Thumb Code    20  _printf_char.o(.text)
    _printf_char                             0x08002cd3   Thumb Code    16  _printf_char.o(.text)
    _printf_string                           0x08002ce3   Thumb Code     8  _printf_char.o(.text)
    _printf_lcs_common                       0x08002ceb   Thumb Code    20  _printf_wchar.o(.text)
    _printf_wchar                            0x08002cff   Thumb Code    16  _printf_wchar.o(.text)
    _printf_wstring                          0x08002d0f   Thumb Code     8  _printf_wchar.o(.text)
    _wcrtomb                                 0x08002d17   Thumb Code    64  _wcrtomb.o(.text)
    __user_setup_stackheap                   0x08002d57   Thumb Code    74  sys_stackheap_outer.o(.text)
    __rt_ctype_table                         0x08002da1   Thumb Code    16  rt_ctype_table.o(.text)
    __rt_locale                              0x08002db1   Thumb Code     8  rt_locale_intlibspace.o(.text)
    _printf_fp_infnan                        0x08002db9   Thumb Code   112  _printf_fp_infnan.o(.text)
    _btod_etento                             0x08002e39   Thumb Code   222  bigflt0.o(.text)
    exit                                     0x08002f1d   Thumb Code    12  exit.o(.text)
    __user_libspace                          0x08002f29   Thumb Code     8  libspace.o(.text)
    __user_perproc_libspace                  0x08002f29   Thumb Code     0  libspace.o(.text)
    __user_perthread_libspace                0x08002f29   Thumb Code     0  libspace.o(.text)
    strcmp                                   0x08002f31   Thumb Code   128  strcmpv7m.o(.text)
    _sys_exit                                0x08002fb1   Thumb Code     8  sys_exit.o(.text)
    __I$use$semihosting                      0x08002fbd   Thumb Code     0  use_no_semi.o(.text)
    __use_no_semihosting_swi                 0x08002fbd   Thumb Code     2  use_no_semi.o(.text)
    __semihosting_library_function           0x08002fbf   Thumb Code     0  indicate_semi.o(.text)
    _btod_d2e                                0x08002fbf   Thumb Code    62  btod.o(CL$$btod_d2e)
    _d2e_denorm_low                          0x08002ffd   Thumb Code    70  btod.o(CL$$btod_d2e_denorm_low)
    _d2e_norm_op1                            0x08003043   Thumb Code    96  btod.o(CL$$btod_d2e_norm_op1)
    __btod_div_common                        0x080030a3   Thumb Code   696  btod.o(CL$$btod_div_common)
    _e2e                                     0x080033db   Thumb Code   198  btod.o(CL$$btod_e2e)
    _btod_ediv                               0x080034a1   Thumb Code    40  btod.o(CL$$btod_ediv)
    _btod_emul                               0x080034c9   Thumb Code    40  btod.o(CL$$btod_emul)
    __btod_mult_common                       0x080034f1   Thumb Code   580  btod.o(CL$$btod_mult_common)
    __ARM_fpclassify                         0x08003735   Thumb Code    40  fpclassify.o(i.__ARM_fpclassify)
    _is_digit                                0x0800375d   Thumb Code    14  __printf_wp.o(i._is_digit)
    _get_lc_numeric                          0x0800376d   Thumb Code    44  lc_numeric_c.o(locale$$code)
    _get_lc_ctype                            0x08003799   Thumb Code    44  lc_ctype_c.o(locale$$code)
    _printf_fp_dec                           0x080037c5   Thumb Code     4  printf1.o(x$fpl$printf1)
    PORT_A0                                  0x080037c8   Data          12  io.o(.constdata)
    __I$use$fp                               0x080037c8   Number         0  usenofp.o(x$fpl$usenofp)
    PORT_A1                                  0x080037d4   Data          12  io.o(.constdata)
    PORT_A2                                  0x080037e0   Data          12  io.o(.constdata)
    PORT_A3                                  0x080037ec   Data          12  io.o(.constdata)
    PORT_A4                                  0x080037f8   Data          12  io.o(.constdata)
    PORT_A5                                  0x08003804   Data          12  io.o(.constdata)
    PORT_A6                                  0x08003810   Data          12  io.o(.constdata)
    PORT_A7                                  0x0800381c   Data          12  io.o(.constdata)
    PORT_B0                                  0x08003828   Data          12  io.o(.constdata)
    PORT_B1                                  0x08003834   Data          12  io.o(.constdata)
    PORT_B4                                  0x08003840   Data          12  io.o(.constdata)
    PORT_B5                                  0x0800384c   Data          12  io.o(.constdata)
    PORT_B6                                  0x08003858   Data          12  io.o(.constdata)
    PORT_B7                                  0x08003864   Data          12  io.o(.constdata)
    PORT_B8                                  0x08003870   Data          12  io.o(.constdata)
    PORT_B9                                  0x0800387c   Data          12  io.o(.constdata)
    PORT_B10                                 0x08003888   Data          12  io.o(.constdata)
    PORT_B11                                 0x08003894   Data          12  io.o(.constdata)
    Region$$Table$$Base                      0x08003978   Number         0  anon$$obj.o(Region$$Table)
    Region$$Table$$Limit                     0x08003998   Number         0  anon$$obj.o(Region$$Table)
    __ctype                                  0x080039c1   Data           0  lc_ctype_c.o(locale$$data)
    SystemCoreClock                          0x20000000   Data           4  system_stm32f10x.o(.data)
    AHBPrescTable                            0x20000004   Data          16  system_stm32f10x.o(.data)
    __libspace_start                         0x2000002c   Data          96  libspace.o(.bss)
    __temporary_stack_top$libspace           0x2000008c   Data           0  libspace.o(.bss)



==============================================================================

Memory Map of the image

  Image Entry point : 0x080000ed

  Load Region LR_IROM1 (Base: 0x08000000, Size: 0x00003af0, Max: 0x00010000, ABSOLUTE)

    Execution Region ER_IROM1 (Base: 0x08000000, Size: 0x00003ac4, Max: 0x00010000, ABSOLUTE)

    Base Addr    Size         Type   Attr      Idx    E Section Name        Object

    0x08000000   0x000000ec   Data   RO          169    RESET               startup_stm32f10x_md.o
    0x080000ec   0x00000008   Code   RO          338  * !!!main             c_w.l(__main.o)
    0x080000f4   0x00000034   Code   RO          692    !!!scatter          c_w.l(__scatter.o)
    0x08000128   0x0000001a   Code   RO          694    !!handler_copy      c_w.l(__scatter_copy.o)
    0x08000142   0x00000002   PAD
    0x08000144   0x0000001c   Code   RO          696    !!handler_zi        c_w.l(__scatter_zi.o)
    0x08000160   0x00000000   Code   RO          424    .ARM.Collect$$_printf_percent$$00000000  c_w.l(_printf_percent.o)
    0x08000160   0x00000006   Code   RO          413    .ARM.Collect$$_printf_percent$$00000001  c_w.l(_printf_n.o)
    0x08000166   0x00000006   Code   RO          415    .ARM.Collect$$_printf_percent$$00000002  c_w.l(_printf_p.o)
    0x0800016c   0x00000006   Code   RO          420    .ARM.Collect$$_printf_percent$$00000003  c_w.l(_printf_f.o)
    0x08000172   0x00000006   Code   RO          421    .ARM.Collect$$_printf_percent$$00000004  c_w.l(_printf_e.o)
    0x08000178   0x00000006   Code   RO          422    .ARM.Collect$$_printf_percent$$00000005  c_w.l(_printf_g.o)
    0x0800017e   0x00000006   Code   RO          423    .ARM.Collect$$_printf_percent$$00000006  c_w.l(_printf_a.o)
    0x08000184   0x0000000a   Code   RO          428    .ARM.Collect$$_printf_percent$$00000007  c_w.l(_printf_ll.o)
    0x0800018e   0x00000006   Code   RO          417    .ARM.Collect$$_printf_percent$$00000008  c_w.l(_printf_i.o)
    0x08000194   0x00000006   Code   RO          418    .ARM.Collect$$_printf_percent$$00000009  c_w.l(_printf_d.o)
    0x0800019a   0x00000006   Code   RO          419    .ARM.Collect$$_printf_percent$$0000000A  c_w.l(_printf_u.o)
    0x080001a0   0x00000006   Code   RO          416    .ARM.Collect$$_printf_percent$$0000000B  c_w.l(_printf_o.o)
    0x080001a6   0x00000006   Code   RO          414    .ARM.Collect$$_printf_percent$$0000000C  c_w.l(_printf_x.o)
    0x080001ac   0x00000006   Code   RO          425    .ARM.Collect$$_printf_percent$$0000000D  c_w.l(_printf_lli.o)
    0x080001b2   0x00000006   Code   RO          426    .ARM.Collect$$_printf_percent$$0000000E  c_w.l(_printf_lld.o)
    0x080001b8   0x00000006   Code   RO          427    .ARM.Collect$$_printf_percent$$0000000F  c_w.l(_printf_llu.o)
    0x080001be   0x00000006   Code   RO          432    .ARM.Collect$$_printf_percent$$00000010  c_w.l(_printf_llo.o)
    0x080001c4   0x00000006   Code   RO          433    .ARM.Collect$$_printf_percent$$00000011  c_w.l(_printf_llx.o)
    0x080001ca   0x0000000a   Code   RO          429    .ARM.Collect$$_printf_percent$$00000012  c_w.l(_printf_l.o)
    0x080001d4   0x00000006   Code   RO          411    .ARM.Collect$$_printf_percent$$00000013  c_w.l(_printf_c.o)
    0x080001da   0x00000006   Code   RO          412    .ARM.Collect$$_printf_percent$$00000014  c_w.l(_printf_s.o)
    0x080001e0   0x00000006   Code   RO          430    .ARM.Collect$$_printf_percent$$00000015  c_w.l(_printf_lc.o)
    0x080001e6   0x00000006   Code   RO          431    .ARM.Collect$$_printf_percent$$00000016  c_w.l(_printf_ls.o)
    0x080001ec   0x00000004   Code   RO          463    .ARM.Collect$$_printf_percent$$00000017  c_w.l(_printf_percent_end.o)
    0x080001f0   0x00000002   Code   RO          515    .ARM.Collect$$libinit$$00000000  c_w.l(libinit.o)
    0x080001f2   0x00000000   Code   RO          544    .ARM.Collect$$libinit$$00000002  c_w.l(libinit2.o)
    0x080001f2   0x00000000   Code   RO          547    .ARM.Collect$$libinit$$00000008  c_w.l(libinit2.o)
    0x080001f2   0x00000000   Code   RO          549    .ARM.Collect$$libinit$$0000000A  c_w.l(libinit2.o)
    0x080001f2   0x00000000   Code   RO          551    .ARM.Collect$$libinit$$0000000C  c_w.l(libinit2.o)
    0x080001f2   0x00000006   Code   RO          552    .ARM.Collect$$libinit$$0000000D  c_w.l(libinit2.o)
    0x080001f8   0x00000000   Code   RO          554    .ARM.Collect$$libinit$$0000000F  c_w.l(libinit2.o)
    0x080001f8   0x0000000c   Code   RO          555    .ARM.Collect$$libinit$$00000010  c_w.l(libinit2.o)
    0x08000204   0x00000000   Code   RO          556    .ARM.Collect$$libinit$$00000011  c_w.l(libinit2.o)
    0x08000204   0x00000000   Code   RO          558    .ARM.Collect$$libinit$$00000013  c_w.l(libinit2.o)
    0x08000204   0x0000000a   Code   RO          559    .ARM.Collect$$libinit$$00000014  c_w.l(libinit2.o)
    0x0800020e   0x00000000   Code   RO          560    .ARM.Collect$$libinit$$00000015  c_w.l(libinit2.o)
    0x0800020e   0x00000000   Code   RO          562    .ARM.Collect$$libinit$$00000017  c_w.l(libinit2.o)
    0x0800020e   0x00000000   Code   RO          564    .ARM.Collect$$libinit$$00000019  c_w.l(libinit2.o)
    0x0800020e   0x00000000   Code   RO          566    .ARM.Collect$$libinit$$0000001B  c_w.l(libinit2.o)
    0x0800020e   0x00000000   Code   RO          568    .ARM.Collect$$libinit$$0000001D  c_w.l(libinit2.o)
    0x0800020e   0x00000000   Code   RO          570    .ARM.Collect$$libinit$$0000001F  c_w.l(libinit2.o)
    0x0800020e   0x00000000   Code   RO          572    .ARM.Collect$$libinit$$00000021  c_w.l(libinit2.o)
    0x0800020e   0x00000000   Code   RO          574    .ARM.Collect$$libinit$$00000023  c_w.l(libinit2.o)
    0x0800020e   0x00000000   Code   RO          578    .ARM.Collect$$libinit$$0000002A  c_w.l(libinit2.o)
    0x0800020e   0x00000000   Code   RO          580    .ARM.Collect$$libinit$$0000002C  c_w.l(libinit2.o)
    0x0800020e   0x00000000   Code   RO          582    .ARM.Collect$$libinit$$0000002E  c_w.l(libinit2.o)
    0x0800020e   0x00000000   Code   RO          584    .ARM.Collect$$libinit$$00000030  c_w.l(libinit2.o)
    0x0800020e   0x00000002   Code   RO          585    .ARM.Collect$$libinit$$00000031  c_w.l(libinit2.o)
    0x08000210   0x00000002   Code   RO          633    .ARM.Collect$$libshutdown$$00000000  c_w.l(libshutdown.o)
    0x08000212   0x00000000   Code   RO          647    .ARM.Collect$$libshutdown$$00000003  c_w.l(libshutdown2.o)
    0x08000212   0x00000000   Code   RO          650    .ARM.Collect$$libshutdown$$00000006  c_w.l(libshutdown2.o)
    0x08000212   0x00000000   Code   RO          653    .ARM.Collect$$libshutdown$$00000009  c_w.l(libshutdown2.o)
    0x08000212   0x00000000   Code   RO          655    .ARM.Collect$$libshutdown$$0000000B  c_w.l(libshutdown2.o)
    0x08000212   0x00000000   Code   RO          658    .ARM.Collect$$libshutdown$$0000000E  c_w.l(libshutdown2.o)
    0x08000212   0x00000002   Code   RO          659    .ARM.Collect$$libshutdown$$0000000F  c_w.l(libshutdown2.o)
    0x08000214   0x00000000   Code   RO          340    .ARM.Collect$$rtentry$$00000000  c_w.l(rtentry.o)
    0x08000214   0x00000000   Code   RO          437    .ARM.Collect$$rtentry$$00000002  c_w.l(rtentry2.o)
    0x08000214   0x00000006   Code   RO          449    .ARM.Collect$$rtentry$$00000004  c_w.l(rtentry4.o)
    0x0800021a   0x00000000   Code   RO          439    .ARM.Collect$$rtentry$$00000009  c_w.l(rtentry2.o)
    0x0800021a   0x00000004   Code   RO          440    .ARM.Collect$$rtentry$$0000000A  c_w.l(rtentry2.o)
    0x0800021e   0x00000000   Code   RO          442    .ARM.Collect$$rtentry$$0000000C  c_w.l(rtentry2.o)
    0x0800021e   0x00000008   Code   RO          443    .ARM.Collect$$rtentry$$0000000D  c_w.l(rtentry2.o)
    0x08000226   0x00000002   Code   RO          524    .ARM.Collect$$rtexit$$00000000  c_w.l(rtexit.o)
    0x08000228   0x00000000   Code   RO          587    .ARM.Collect$$rtexit$$00000002  c_w.l(rtexit2.o)
    0x08000228   0x00000004   Code   RO          588    .ARM.Collect$$rtexit$$00000003  c_w.l(rtexit2.o)
    0x0800022c   0x00000006   Code   RO          589    .ARM.Collect$$rtexit$$00000004  c_w.l(rtexit2.o)
    0x08000232   0x00000002   PAD
    0x08000234   0x00000140   Code   RO            1    .text               system_stm32f10x.o
    0x08000374   0x000000b0   Code   RO           54    .text               misc.o
    0x08000424   0x0000026c   Code   RO           80    .text               stm32f10x_gpio.o
    0x08000690   0x000002b8   Code   RO           92    .text               stm32f10x_rcc.o
    0x08000948   0x00000330   Code   RO          121    .text               stm32f10x_usart.o
    0x08000c78   0x00000af0   Code   RO          136    .text               stm32f10x_tim.o
    0x08001768   0x000001c8   Code   RO          152    .text               stm32f10x_dma.o
    0x08001930   0x00000040   Code   RO          170    .text               startup_stm32f10x_md.o
    0x08001970   0x00000074   Code   RO          174    .text               delay.o
    0x080019e4   0x0000002e   Code   RO          191    .text               io.o
    0x08001a12   0x00000002   PAD
    0x08001a14   0x000001b8   Code   RO          240    .text               usart.o
    0x08001bcc   0x00000044   Code   RO          262    .text               stm32f10x_it.o
    0x08001c10   0x00000548   Code   RO          277    .text               main.o
    0x08002158   0x00000034   Code   RO          332    .text               c_w.l(c89vsnprintf.o)
    0x0800218c   0x0000003e   Code   RO          334    .text               c_w.l(strlen.o)
    0x080021ca   0x00000006   Code   RO          336    .text               c_w.l(heapauxi.o)
    0x080021d0   0x00000052   Code   RO          343    .text               c_w.l(_printf_pad.o)
    0x08002222   0x00000024   Code   RO          345    .text               c_w.l(_printf_truncate.o)
    0x08002246   0x00000052   Code   RO          347    .text               c_w.l(_printf_str.o)
    0x08002298   0x00000078   Code   RO          349    .text               c_w.l(_printf_dec.o)
    0x08002310   0x0000002a   Code   RO          351    .text               c_w.l(_printf_charcount.o)
    0x0800233a   0x00000002   PAD
    0x0800233c   0x00000030   Code   RO          353    .text               c_w.l(_printf_char_common.o)
    0x0800236c   0x0000000a   Code   RO          355    .text               c_w.l(_sputc.o)
    0x08002376   0x00000010   Code   RO          357    .text               c_w.l(_snputc.o)
    0x08002386   0x00000002   PAD
    0x08002388   0x000000bc   Code   RO          359    .text               c_w.l(_printf_wctomb.o)
    0x08002444   0x00000078   Code   RO          362    .text               c_w.l(_printf_longlong_dec.o)
    0x080024bc   0x00000078   Code   RO          368    .text               c_w.l(_printf_oct_int_ll.o)
    0x08002534   0x0000009c   Code   RO          388    .text               c_w.l(_printf_hex_int_ll_ptr.o)
    0x080025d0   0x0000018c   Code   RO          408    .text               c_w.l(__printf_flags_ss_wp.o)
    0x0800275c   0x0000008a   Code   RO          451    .text               c_w.l(lludiv10.o)
    0x080027e6   0x000000b8   Code   RO          453    .text               c_w.l(_printf_intcommon.o)
    0x0800289e   0x00000420   Code   RO          455    .text               c_w.l(_printf_fp_dec.o)
    0x08002cbe   0x0000002c   Code   RO          459    .text               c_w.l(_printf_char.o)
    0x08002cea   0x0000002c   Code   RO          461    .text               c_w.l(_printf_wchar.o)
    0x08002d16   0x00000040   Code   RO          464    .text               c_w.l(_wcrtomb.o)
    0x08002d56   0x0000004a   Code   RO          466    .text               c_w.l(sys_stackheap_outer.o)
    0x08002da0   0x00000010   Code   RO          468    .text               c_w.l(rt_ctype_table.o)
    0x08002db0   0x00000008   Code   RO          473    .text               c_w.l(rt_locale_intlibspace.o)
    0x08002db8   0x00000080   Code   RO          475    .text               c_w.l(_printf_fp_infnan.o)
    0x08002e38   0x000000e4   Code   RO          477    .text               c_w.l(bigflt0.o)
    0x08002f1c   0x0000000c   Code   RO          508    .text               c_w.l(exit.o)
    0x08002f28   0x00000008   Code   RO          521    .text               c_w.l(libspace.o)
    0x08002f30   0x00000080   Code   RO          541    .text               c_w.l(strcmpv7m.o)
    0x08002fb0   0x0000000c   Code   RO          623    .text               c_w.l(sys_exit.o)
    0x08002fbc   0x00000002   Code   RO          636    .text               c_w.l(use_no_semi.o)
    0x08002fbe   0x00000000   Code   RO          638    .text               c_w.l(indicate_semi.o)
    0x08002fbe   0x0000003e   Code   RO          480    CL$$btod_d2e        c_w.l(btod.o)
    0x08002ffc   0x00000046   Code   RO          482    CL$$btod_d2e_denorm_low  c_w.l(btod.o)
    0x08003042   0x00000060   Code   RO          481    CL$$btod_d2e_norm_op1  c_w.l(btod.o)
    0x080030a2   0x00000338   Code   RO          490    CL$$btod_div_common  c_w.l(btod.o)
    0x080033da   0x000000c6   Code   RO          487    CL$$btod_e2e        c_w.l(btod.o)
    0x080034a0   0x00000028   Code   RO          484    CL$$btod_ediv       c_w.l(btod.o)
    0x080034c8   0x00000028   Code   RO          483    CL$$btod_emul       c_w.l(btod.o)
    0x080034f0   0x00000244   Code   RO          489    CL$$btod_mult_common  c_w.l(btod.o)
    0x08003734   0x00000028   Code   RO          519    i.__ARM_fpclassify  m_ws.l(fpclassify.o)
    0x0800375c   0x0000000e   Code   RO          401    i._is_digit         c_w.l(__printf_wp.o)
    0x0800376a   0x00000002   PAD
    0x0800376c   0x0000002c   Code   RO          503    locale$$code        c_w.l(lc_numeric_c.o)
    0x08003798   0x0000002c   Code   RO          536    locale$$code        c_w.l(lc_ctype_c.o)
    0x080037c4   0x00000004   Code   RO          434    x$fpl$printf1       fz_ws.l(printf1.o)
    0x080037c8   0x00000000   Code   RO          518    x$fpl$usenofp       fz_ws.l(usenofp.o)
    0x080037c8   0x0000000c   Data   RO          192    .constdata          io.o
    0x080037d4   0x0000000c   Data   RO          193    .constdata          io.o
    0x080037e0   0x0000000c   Data   RO          194    .constdata          io.o
    0x080037ec   0x0000000c   Data   RO          195    .constdata          io.o
    0x080037f8   0x0000000c   Data   RO          196    .constdata          io.o
    0x08003804   0x0000000c   Data   RO          197    .constdata          io.o
    0x08003810   0x0000000c   Data   RO          198    .constdata          io.o
    0x0800381c   0x0000000c   Data   RO          199    .constdata          io.o
    0x08003828   0x0000000c   Data   RO          208    .constdata          io.o
    0x08003834   0x0000000c   Data   RO          209    .constdata          io.o
    0x08003840   0x0000000c   Data   RO          212    .constdata          io.o
    0x0800384c   0x0000000c   Data   RO          213    .constdata          io.o
    0x08003858   0x0000000c   Data   RO          214    .constdata          io.o
    0x08003864   0x0000000c   Data   RO          215    .constdata          io.o
    0x08003870   0x0000000c   Data   RO          216    .constdata          io.o
    0x0800387c   0x0000000c   Data   RO          217    .constdata          io.o
    0x08003888   0x0000000c   Data   RO          218    .constdata          io.o
    0x08003894   0x0000000c   Data   RO          219    .constdata          io.o
    0x080038a0   0x00000008   Data   RO          360    .constdata          c_w.l(_printf_wctomb.o)
    0x080038a8   0x00000028   Data   RO          389    .constdata          c_w.l(_printf_hex_int_ll_ptr.o)
    0x080038d0   0x00000011   Data   RO          409    .constdata          c_w.l(__printf_flags_ss_wp.o)
    0x080038e1   0x00000003   PAD
    0x080038e4   0x00000094   Data   RO          478    .constdata          c_w.l(bigflt0.o)
    0x08003978   0x00000020   Data   RO          690    Region$$Table       anon$$obj.o
    0x08003998   0x0000001c   Data   RO          502    locale$$data        c_w.l(lc_numeric_c.o)
    0x080039b4   0x00000110   Data   RO          535    locale$$data        c_w.l(lc_ctype_c.o)


    Execution Region RW_IRAM1 (Base: 0x20000000, Size: 0x00002090, Max: 0x00005000, ABSOLUTE)

    Base Addr    Size         Type   Attr      Idx    E Section Name        Object

    0x20000000   0x00000014   Data   RW            2    .data               system_stm32f10x.o
    0x20000014   0x00000014   Data   RW           93    .data               stm32f10x_rcc.o
    0x20000028   0x00000004   Data   RW          175    .data               delay.o
    0x2000002c   0x00000060   Zero   RW          522    .bss                c_w.l(libspace.o)
    0x2000008c   0x00000004   PAD
    0x20000090   0x00001000   Zero   RW          168    HEAP                startup_stm32f10x_md.o
    0x20001090   0x00001000   Zero   RW          167    STACK               startup_stm32f10x_md.o


==============================================================================

Image component sizes


      Code (inc. data)   RO Data    RW Data    ZI Data      Debug   Object Name

         0          0          0          0          0         32   core_cm3.o
       116          6          0          4          0        795   delay.o
        46          0        216          0          0       2628   io.o
      1352        108          0          0          0     208584   main.o
       176         18          0          0          0     204693   misc.o
        64         26        236          0       8192        716   startup_stm32f10x_md.o
       456         10          0          0          0      13674   stm32f10x_dma.o
       620         36          0          0          0       4853   stm32f10x_gpio.o
        68         10          0          0          0       1637   stm32f10x_it.o
       696         32          0         20          0       7880   stm32f10x_rcc.o
      2800         84          0          0          0      38854   stm32f10x_tim.o
       816         20          0          0          0      13128   stm32f10x_usart.o
       320         32          0         20          0      22687   system_stm32f10x.o
       440         10          0          0          0       2618   usart.o

    ----------------------------------------------------------------------
      7972        392        484         44       8192     522779   Object Totals
         0          0         32          0          0          0   (incl. Generated)
         2          0          0          0          0          0   (incl. Padding)

    ----------------------------------------------------------------------

      Code (inc. data)   RO Data    RW Data    ZI Data      Debug   Library Member Name

         8          0          0          0          0         68   __main.o
       396          6         17          0          0         92   __printf_flags_ss_wp.o
        14          0          0          0          0         68   __printf_wp.o
        52          8          0          0          0          0   __scatter.o
        26          0          0          0          0          0   __scatter_copy.o
        28          0          0          0          0          0   __scatter_zi.o
         6          0          0          0          0          0   _printf_a.o
         6          0          0          0          0          0   _printf_c.o
        44          0          0          0          0        108   _printf_char.o
        48          6          0          0          0         96   _printf_char_common.o
        42          0          0          0          0         68   _printf_charcount.o
         6          0          0          0          0          0   _printf_d.o
       120         18          0          0          0         92   _printf_dec.o
         6          0          0          0          0          0   _printf_e.o
         6          0          0          0          0          0   _printf_f.o
      1056          0          0          0          0        212   _printf_fp_dec.o
       128         16          0          0          0         84   _printf_fp_infnan.o
         6          0          0          0          0          0   _printf_g.o
       156          6         40          0          0        160   _printf_hex_int_ll_ptr.o
         6          0          0          0          0          0   _printf_i.o
       184          0          0          0          0         88   _printf_intcommon.o
        10          0          0          0          0          0   _printf_l.o
         6          0          0          0          0          0   _printf_lc.o
        10          0          0          0          0          0   _printf_ll.o
         6          0          0          0          0          0   _printf_lld.o
         6          0          0          0          0          0   _printf_lli.o
         6          0          0          0          0          0   _printf_llo.o
         6          0          0          0          0          0   _printf_llu.o
         6          0          0          0          0          0   _printf_llx.o
       120         16          0          0          0         92   _printf_longlong_dec.o
         6          0          0          0          0          0   _printf_ls.o
         6          0          0          0          0          0   _printf_n.o
         6          0          0          0          0          0   _printf_o.o
       120          8          0          0          0        124   _printf_oct_int_ll.o
         6          0          0          0          0          0   _printf_p.o
        82          0          0          0          0        108   _printf_pad.o
         0          0          0          0          0          0   _printf_percent.o
         4          0          0          0          0          0   _printf_percent_end.o
         6          0          0          0          0          0   _printf_s.o
        82          0          0          0          0         80   _printf_str.o
        36          0          0          0          0         84   _printf_truncate.o
         6          0          0          0          0          0   _printf_u.o
        44          0          0          0          0        108   _printf_wchar.o
       188          6          8          0          0         92   _printf_wctomb.o
         6          0          0          0          0          0   _printf_x.o
        16          0          0          0          0         68   _snputc.o
        10          0          0          0          0         68   _sputc.o
        64          0          0          0          0         92   _wcrtomb.o
       228          6        148          0          0         96   bigflt0.o
      1910        128          0          0          0        672   btod.o
        52          4          0          0          0         80   c89vsnprintf.o
        12          0          0          0          0         72   exit.o
         6          0          0          0          0        152   heapauxi.o
         0          0          0          0          0          0   indicate_semi.o
        44         10        272          0          0         76   lc_ctype_c.o
        44         10         28          0          0         76   lc_numeric_c.o
         2          0          0          0          0          0   libinit.o
        30          0          0          0          0          0   libinit2.o
         2          0          0          0          0          0   libshutdown.o
         2          0          0          0          0          0   libshutdown2.o
         8          4          0          0         96         68   libspace.o
       138          0          0          0          0         80   lludiv10.o
        16          4          0          0          0         76   rt_ctype_table.o
         8          4          0          0          0         68   rt_locale_intlibspace.o
         0          0          0          0          0          0   rtentry.o
        12          0          0          0          0          0   rtentry2.o
         6          0          0          0          0          0   rtentry4.o
         2          0          0          0          0          0   rtexit.o
        10          0          0          0          0          0   rtexit2.o
       128          0          0          0          0         68   strcmpv7m.o
        62          0          0          0          0         76   strlen.o
        12          4          0          0          0         68   sys_exit.o
        74          0          0          0          0         80   sys_stackheap_outer.o
         2          0          0          0          0         68   use_no_semi.o
         4          0          0          0          0         68   printf1.o
         0          0          0          0          0          0   usenofp.o
        40          0          0          0          0         68   fpclassify.o

    ----------------------------------------------------------------------
      6072        264        516          0        100       4064   Library Totals
        10          0          3          0          4          0   (incl. Padding)

    ----------------------------------------------------------------------

      Code (inc. data)   RO Data    RW Data    ZI Data      Debug   Library Name

      6018        264        513          0         96       3928   c_w.l
         4          0          0          0          0         68   fz_ws.l
        40          0          0          0          0         68   m_ws.l

    ----------------------------------------------------------------------
      6072        264        516          0        100       4064   Library Totals

    ----------------------------------------------------------------------

==============================================================================


      Code (inc. data)   RO Data    RW Data    ZI Data      Debug   

     14044        656       1000         44       8292     522735   Grand Totals
     14044        656       1000         44       8292     522735   ELF Image Totals
     14044        656       1000         44          0          0   ROM Totals

==============================================================================

    Total RO  Size (Code + RO Data)                15044 (  14.69kB)
    Total RW  Size (RW Data + ZI Data)              8336 (   8.14kB)
    Total ROM Size (Code + RO Data + RW Data)      15088 (  14.73kB)

==============================================================================

